k=2 r=3: enum@40000 nsol=93853 nsupp=93853 55.5s
  n=1083: SAT (0.2s cum)
  n=1084: SAT (0.3s cum)
  n=1086: SAT (0.4s cum)
  n=1090: SAT (0.4s cum)
  n=1098: SAT (0.5s cum)
  n=1114: SAT (0.6s cum)
  n=1146: SAT (0.7s cum)
  n=1210: SAT (0.8s cum)
  n=1338: SAT (0.8s cum)
  n=1594: SAT (0.9s cum)
  n=2106: SAT (1.1s cum)
  n=3130: SAT (1.6s cum)
  n=5178: UNSAT (2.4s cum)
  bisect n=4154: UNSAT
  bisect n=3642: UNSAT
  bisect n=3386: UNSAT
  bisect n=3258: SAT
  bisect n=3322: UNSAT
  bisect n=3290: UNSAT
  bisect n=3274: SAT
  bisect n=3282: UNSAT
  bisect n=3278: UNSAT
  bisect n=3276: UNSAT
  bisect n=3275: SAT
  ==> f_3(2) = 3276   CERTIFIED (witness OK, DRUP VERIFIED)
