k=3 r=3: enum@900 nsol=11475 nsupp=11475 2.9s
  n=189: SAT (0.0s cum)
  n=190: SAT (0.1s cum)
  n=192: SAT (0.1s cum)
  n=196: SAT (0.1s cum)
  n=204: SAT (0.1s cum)
  n=220: SAT (0.1s cum)
  n=252: SAT (0.1s cum)
  n=316: SAT (0.2s cum)
  n=444: SAT (0.2s cum)
  n=700: UNSAT (0.5s cum)
  bisect n=572: SAT
  bisect n=636: UNSAT
  bisect n=604: UNSAT
  bisect n=588: UNSAT
  bisect n=580: SAT
  bisect n=584: SAT
  bisect n=586: UNSAT
  bisect n=585: UNSAT
  ==> f_3(3) = 585   CERTIFIED (witness OK, DRUP VERIFIED)
