OK  G=['2'] |G|=2 E1=(maxlen 1, nodes 2) E2=(maxlen 1, nodes 2)
OK  G=['3'] |G|=3 E1=(maxlen 1, nodes 2) E2=(maxlen 1, nodes 2)
OK  G=['2', '2'] |G|=4 E1=(maxlen 2, nodes 7) E2=(maxlen 2, nodes 7)
OK  G=['4'] |G|=4 E1=(maxlen 2, nodes 4) E2=(maxlen 2, nodes 4)
OK  G=['5'] |G|=5 E1=(maxlen 2, nodes 4) E2=(maxlen 2, nodes 4)
OK  G=['6'] |G|=6 E1=(maxlen 2, nodes 7) E2=(maxlen 2, nodes 7)
OK  G=['7'] |G|=7 E1=(maxlen 2, nodes 7) E2=(maxlen 2, nodes 7)
OK  G=['2', '2', '2'] |G|=8 E1=(maxlen 3, nodes 57) E2=(maxlen 3, nodes 57)
OK  G=['2', '4'] |G|=8 E1=(maxlen 3, nodes 23) E2=(maxlen 3, nodes 23)
OK  G=['8'] |G|=8 E1=(maxlen 3, nodes 13) E2=(maxlen 3, nodes 13)
OK  G=['3', '3'] |G|=9 E1=(maxlen 2, nodes 11) E2=(maxlen 2, nodes 11)
OK  G=['9'] |G|=9 E1=(maxlen 3, nodes 12) E2=(maxlen 3, nodes 12)
OK  G=['10'] |G|=10 E1=(maxlen 3, nodes 22) E2=(maxlen 3, nodes 22)
OK  G=['11'] |G|=11 E1=(maxlen 3, nodes 21) E2=(maxlen 3, nodes 21)
OK  G=['12'] |G|=12 E1=(maxlen 3, nodes 35) E2=(maxlen 3, nodes 35)
OK  G=['2', '6'] |G|=12 E1=(maxlen 3, nodes 56) E2=(maxlen 3, nodes 56)
OK  G=['13'] |G|=13 E1=(maxlen 3, nodes 34) E2=(maxlen 3, nodes 34)
OK  G=['14'] |G|=14 E1=(maxlen 3, nodes 54) E2=(maxlen 3, nodes 54)
OK  G=['15'] |G|=15 E1=(maxlen 3, nodes 52) E2=(maxlen 3, nodes 52)
OK  G=['16'] |G|=16 E1=(maxlen 4, nodes 87) E2=(maxlen 4, nodes 87)
OK  G=['2', '2', '2', '2'] |G|=16 E1=(maxlen 4, nodes 1381) E2=(maxlen 4, nodes 1381)
OK  G=['2', '2', '4'] |G|=16 E1=(maxlen 4, nodes 365) E2=(maxlen 4, nodes 365)
OK  G=['2', '8'] |G|=16 E1=(maxlen 4, nodes 147) E2=(maxlen 4, nodes 147)
OK  G=['4', '4'] |G|=16 E1=(maxlen 4, nodes 163) E2=(maxlen 4, nodes 163)
OK  G=['17'] |G|=17 E1=(maxlen 4, nodes 79) E2=(maxlen 4, nodes 79)
OK  G=['18'] |G|=18 E1=(maxlen 4, nodes 123) E2=(maxlen 4, nodes 123)
OK  G=['3', '6'] |G|=18 E1=(maxlen 4, nodes 111) E2=(maxlen 4, nodes 111)
OK  G=['19'] |G|=19 E1=(maxlen 4, nodes 118) E2=(maxlen 4, nodes 118)
OK  G=['20'] |G|=20 E1=(maxlen 4, nodes 198) E2=(maxlen 4, nodes 198)
OK  G=['2', '10'] |G|=20 E1=(maxlen 4, nodes 315) E2=(maxlen 4, nodes 315)
OK  G=['21'] |G|=21 E1=(maxlen 4, nodes 167) E2=(maxlen 4, nodes 167)
OK  G=['22'] |G|=22 E1=(maxlen 4, nodes 277) E2=(maxlen 4, nodes 277)
OK  G=['23'] |G|=23 E1=(maxlen 4, nodes 254) E2=(maxlen 4, nodes 254)
OK  G=['24'] |G|=24 E1=(maxlen 4, nodes 392) E2=(maxlen 4, nodes 392)
OK  G=['2', '12'] |G|=24 E1=(maxlen 4, nodes 628) E2=(maxlen 4, nodes 628)
OK  G=['2', '2', '6'] |G|=24 E1=(maxlen 4, nodes 1290) E2=(maxlen 4, nodes 1290)
OK  G=['25'] |G|=25 E1=(maxlen 4, nodes 369) E2=(maxlen 4, nodes 369)
OK  G=['5', '5'] |G|=25 E1=(maxlen 4, nodes 394) E2=(maxlen 4, nodes 394)
OK  G=['26'] |G|=26 E1=(maxlen 4, nodes 556) E2=(maxlen 4, nodes 556)
OK  G=['27'] |G|=27 E1=(maxlen 4, nodes 498) E2=(maxlen 4, nodes 498)
OK  G=['3', '3', '3'] |G|=27 E1=(maxlen 3, nodes 326) E2=(maxlen 3, nodes 326)
OK  G=['3', '9'] |G|=27 E1=(maxlen 4, nodes 455) E2=(maxlen 4, nodes 455)
OK  G=['28'] |G|=28 E1=(maxlen 4, nodes 769) E2=(maxlen 4, nodes 769)
OK  G=['2', '14'] |G|=28 E1=(maxlen 4, nodes 1144) E2=(maxlen 4, nodes 1144)
OK  G=['29'] |G|=29 E1=(maxlen 4, nodes 708) E2=(maxlen 4, nodes 708)
OK  G=['30'] |G|=30 E1=(maxlen 4, nodes 1023) E2=(maxlen 4, nodes 1023)
OK  G=['31'] |G|=31 E1=(maxlen 4, nodes 961) E2=(maxlen 4, nodes 961)
OK  G=['2', '16'] |G|=32 E1=(maxlen 5, nodes 2251) E2=(maxlen 5, nodes 2251)
OK  G=['2', '2', '2', '4'] |G|=32 E1=(maxlen 5, nodes 19149) E2=(maxlen 5, nodes 19149)
OK  G=['2', '2', '8'] |G|=32 E1=(maxlen 5, nodes 5097) E2=(maxlen 5, nodes 5097)
OK  G=['2', '4', '4'] |G|=32 E1=(maxlen 5, nodes 6053) E2=(maxlen 5, nodes 6053)
OK  G=['32'] |G|=32 E1=(maxlen 5, nodes 1435) E2=(maxlen 5, nodes 1435)
OK  G=['4', '8'] |G|=32 E1=(maxlen 5, nodes 2539) E2=(maxlen 5, nodes 2539)
OK  G=['33'] |G|=33 E1=(maxlen 5, nodes 1264) E2=(maxlen 5, nodes 1264)
OK  G=['34'] |G|=34 E1=(maxlen 5, nodes 1834) E2=(maxlen 5, nodes 1834)
OK  G=['35'] |G|=35 E1=(maxlen 5, nodes 1704) E2=(maxlen 5, nodes 1704)
OK  G=['2', '18'] |G|=36 E1=(maxlen 5, nodes 3579) E2=(maxlen 5, nodes 3579)
OK  G=['36'] |G|=36 E1=(maxlen 5, nodes 2454) E2=(maxlen 5, nodes 2454)
OK  G=['3', '12'] |G|=36 E1=(maxlen 5, nodes 2250) E2=(maxlen 5, nodes 2250)
OK  G=['6', '6'] |G|=36 E1=(maxlen 5, nodes 3188) E2=(maxlen 5, nodes 3188)
OK  G=['37'] |G|=37 E1=(maxlen 5, nodes 2233) E2=(maxlen 5, nodes 2233)
OK  G=['38'] |G|=38 E1=(maxlen 5, nodes 3164) E2=(maxlen 5, nodes 3164)
OK  G=['39'] |G|=39 E1=(maxlen 5, nodes 2852) E2=(maxlen 5, nodes 2852)
OK  G=['2', '20'] |G|=40 E1=(maxlen 5, nodes 6851) E2=(maxlen 5, nodes 6851)
OK  G=['2', '2', '10'] |G|=40 E1=(maxlen 5, nodes 13885) E2=(maxlen 5, nodes 13885)
OK  G=['40'] |G|=40 E1=(maxlen 5, nodes 4351) E2=(maxlen 5, nodes 4351)
OK  G=['41'] |G|=41 E1=(maxlen 5, nodes 3746) E2=(maxlen 5, nodes 3746)
OK  G=['42'] |G|=42 E1=(maxlen 5, nodes 5104) E2=(maxlen 5, nodes 5104)
OK  G=['43'] |G|=43 E1=(maxlen 5, nodes 4810) E2=(maxlen 5, nodes 4810)
OK  G=['2', '22'] |G|=44 E1=(maxlen 5, nodes 10552) E2=(maxlen 5, nodes 10552)
OK  G=['44'] |G|=44 E1=(maxlen 5, nodes 7131) E2=(maxlen 5, nodes 7131)
OK  G=['3', '15'] |G|=45 E1=(maxlen 5, nodes 5624) E2=(maxlen 5, nodes 5624)
OK  G=['45'] |G|=45 E1=(maxlen 5, nodes 6084) E2=(maxlen 5, nodes 6084)
OK  G=['46'] |G|=46 E1=(maxlen 5, nodes 8747) E2=(maxlen 5, nodes 8747)
OK  G=['47'] |G|=47 E1=(maxlen 5, nodes 7821) E2=(maxlen 5, nodes 7821)
OK  G=['2', '24'] |G|=48 E1=(maxlen 5, nodes 17156) E2=(maxlen 5, nodes 17156)
OK  G=['2', '2', '12'] |G|=48 E1=(maxlen 5, nodes 35182) E2=(maxlen 5, nodes 35182)
OK  G=['48'] |G|=48 E1=(maxlen 5, nodes 11138) E2=(maxlen 5, nodes 11138)
OK  G=['4', '12'] |G|=48 E1=(maxlen 5, nodes 18860) E2=(maxlen 5, nodes 18860)
OK  G=['49'] |G|=49 E1=(maxlen 5, nodes 9793) E2=(maxlen 5, nodes 9793)
OK  G=['7', '7'] |G|=49 E1=(maxlen 5, nodes 8995) E2=(maxlen 5, nodes 8995)
OK  G=['50'] |G|=50 E1=(maxlen 5, nodes 14222) E2=(maxlen 5, nodes 14222)
OK  G=['5', '10'] |G|=50 E1=(maxlen 5, nodes 15162) E2=(maxlen 5, nodes 15162)
OK  G=['51'] |G|=51 E1=(maxlen 5, nodes 12142) E2=(maxlen 5, nodes 12142)
OK  G=['2', '26'] |G|=52 E1=(maxlen 5, nodes 26497) E2=(maxlen 5, nodes 26497)
OK  G=['52'] |G|=52 E1=(maxlen 5, nodes 18142) E2=(maxlen 5, nodes 18142)
OK  G=['53'] |G|=53 E1=(maxlen 5, nodes 15679) E2=(maxlen 5, nodes 15679)
OK  G=['3', '18'] |G|=54 E1=(maxlen 5, nodes 19665) E2=(maxlen 5, nodes 19665)
OK  G=['3', '3', '6'] |G|=54 E1=(maxlen 5, nodes 14562) E2=(maxlen 5, nodes 14562)
OK  G=['54'] |G|=54 E1=(maxlen 5, nodes 21402) E2=(maxlen 5, nodes 21402)
OK  G=['55'] |G|=55 E1=(maxlen 5, nodes 19874) E2=(maxlen 5, nodes 19874)
OK  G=['2', '28'] |G|=56 E1=(maxlen 5, nodes 41202) E2=(maxlen 5, nodes 41202)
OK  G=['2', '2', '14'] |G|=56 E1=(maxlen 5, nodes 75292) E2=(maxlen 5, nodes 75292)
OK  G=['56'] |G|=56 E1=(maxlen 5, nodes 27588) E2=(maxlen 5, nodes 27588)
OK  G=['57'] |G|=57 E1=(maxlen 5, nodes 23690) E2=(maxlen 5, nodes 23690)
OK  G=['58'] |G|=58 E1=(maxlen 5, nodes 33630) E2=(maxlen 5, nodes 33630)
OK  G=['59'] |G|=59 E1=(maxlen 5, nodes 30074) E2=(maxlen 5, nodes 30074)
OK  G=['2', '30'] |G|=60 E1=(maxlen 5, nodes 59060) E2=(maxlen 5, nodes 59060)
OK  G=['60'] |G|=60 E1=(maxlen 5, nodes 41541) E2=(maxlen 5, nodes 41541)
OK  G=['61'] |G|=61 E1=(maxlen 5, nodes 36976) E2=(maxlen 5, nodes 36976)
OK  G=['62'] |G|=62 E1=(maxlen 5, nodes 50260) E2=(maxlen 5, nodes 50260)
OK  G=['3', '21'] |G|=63 E1=(maxlen 5, nodes 40817) E2=(maxlen 5, nodes 40817)
OK  G=['63'] |G|=63 E1=(maxlen 5, nodes 43878) E2=(maxlen 5, nodes 43878)
OK  G=['2', '2', '16'] |G|=64 E1=(maxlen 6, nodes 184041) E2=(maxlen 6, nodes 184041)
OK  G=['2', '32'] |G|=64 E1=(maxlen 6, nodes 92299) E2=(maxlen 6, nodes 92299)
OK  G=['2', '4', '8'] |G|=64 E1=(maxlen 6, nodes 223005) E2=(maxlen 6, nodes 223005)
OK  G=['4', '16'] |G|=64 E1=(maxlen 6, nodes 101819) E2=(maxlen 6, nodes 101819)
OK  G=['4', '4', '4'] |G|=64 E1=(maxlen 6, nodes 293973) E2=(maxlen 6, nodes 293973)
OK  G=['64'] |G|=64 E1=(maxlen 6, nodes 62563) E2=(maxlen 6, nodes 62563)
OK  G=['8', '8'] |G|=64 E1=(maxlen 6, nodes 105691) E2=(maxlen 6, nodes 105691)
OK  G=['65'] |G|=65 E1=(maxlen 6, nodes 55614) E2=(maxlen 6, nodes 55614)
OK  G=['66'] |G|=66 E1=(maxlen 6, nodes 72372) E2=(maxlen 6, nodes 72372)
OK  G=['67'] |G|=67 E1=(maxlen 6, nodes 66595) E2=(maxlen 6, nodes 66595)
OK  G=['2', '34'] |G|=68 E1=(maxlen 6, nodes 125375) E2=(maxlen 6, nodes 125375)
OK  G=['68'] |G|=68 E1=(maxlen 6, nodes 90316) E2=(maxlen 6, nodes 90316)
OK  G=['69'] |G|=69 E1=(maxlen 6, nodes 78685) E2=(maxlen 6, nodes 78685)
OK  G=['70'] |G|=70 E1=(maxlen 6, nodes 106200) E2=(maxlen 6, nodes 106200)
OK  G=['71'] |G|=71 E1=(maxlen 6, nodes 96216) E2=(maxlen 6, nodes 96216)
OK  G=['2', '2', '18'] |G|=72 E1=(maxlen 6, nodes 325463) E2=(maxlen 6, nodes 325463)
OK  G=['2', '36'] |G|=72 E1=(maxlen 6, nodes 184160) E2=(maxlen 6, nodes 184160)
OK  G=['2', '6', '6'] |G|=72 E1=(maxlen 6, nodes 287270) E2=(maxlen 6, nodes 287270)
OK  G=['3', '24'] |G|=72 E1=(maxlen 6, nodes 119695) E2=(maxlen 6, nodes 119695)
OK  G=['6', '12'] |G|=72 E1=(maxlen 6, nodes 169047) E2=(maxlen 6, nodes 169047)
OK  G=['72'] |G|=72 E1=(maxlen 6, nodes 128091) E2=(maxlen 6, nodes 128091)
OK  G=['73'] |G|=73 E1=(maxlen 6, nodes 114904) E2=(maxlen 6, nodes 114904)
OK  G=['74'] |G|=74 E1=(maxlen 6, nodes 150515) E2=(maxlen 6, nodes 150515)
OK  G=['5', '15'] |G|=75 E1=(maxlen 5, nodes 139052) E2=(maxlen 5, nodes 139052)
OK  G=['75'] |G|=75 E1=(maxlen 6, nodes 135102) E2=(maxlen 6, nodes 135102)
OK  G=['2', '38'] |G|=76 E1=(maxlen 6, nodes 250702) E2=(maxlen 6, nodes 250702)
OK  G=['76'] |G|=76 E1=(maxlen 6, nodes 182593) E2=(maxlen 6, nodes 182593)
OK  G=['77'] |G|=77 E1=(maxlen 6, nodes 161219) E2=(maxlen 6, nodes 161219)
OK  G=['78'] |G|=78 E1=(maxlen 6, nodes 207073) E2=(maxlen 6, nodes 207073)
OK  G=['79'] |G|=79 E1=(maxlen 6, nodes 190984) E2=(maxlen 6, nodes 190984)
OK  G=['2', '2', '20'] |G|=80 E1=(maxlen 6, nodes 747033) E2=(maxlen 6, nodes 747033)
OK  G=['2', '40'] |G|=80 E1=(maxlen 6, nodes 378079) E2=(maxlen 6, nodes 378079)
OK  G=['4', '20'] |G|=80 E1=(maxlen 6, nodes 416391) E2=(maxlen 6, nodes 416391)
OK  G=['80'] |G|=80 E1=(maxlen 6, nodes 258289) E2=(maxlen 6, nodes 258289)
OK  G=['3', '27'] |G|=81 E1=(maxlen 6, nodes 211595) E2=(maxlen 6, nodes 211595)
OK  G=['3', '3', '3', '3'] |G|=81 E1=(maxlen 4, nodes 73361) E2=(maxlen 4, nodes 73361)
OK  G=['3', '3', '9'] |G|=81 E1=(maxlen 5, nodes 178400) E2=(maxlen 5, nodes 178400)
OK  G=['81'] |G|=81 E1=(maxlen 6, nodes 221601) E2=(maxlen 6, nodes 221601)
OK  G=['9', '9'] |G|=81 E1=(maxlen 6, nodes 215438) E2=(maxlen 6, nodes 215438)
OK  G=['82'] |G|=82 E1=(maxlen 6, nodes 290766) E2=(maxlen 6, nodes 290766)
OK  G=['83'] |G|=83 E1=(maxlen 6, nodes 263426) E2=(maxlen 6, nodes 263426)
OK  G=['2', '42'] |G|=84 E1=(maxlen 6, nodes 462458) E2=(maxlen 6, nodes 462458)
OK  G=['84'] |G|=84 E1=(maxlen 6, nodes 340736) E2=(maxlen 6, nodes 340736)
OK  G=['85'] |G|=85 E1=(maxlen 6, nodes 309124) E2=(maxlen 6, nodes 309124)
OK  G=['86'] |G|=86 E1=(maxlen 6, nodes 397728) E2=(maxlen 6, nodes 397728)
OK  G=['87'] |G|=87 E1=(maxlen 6, nodes 353852) E2=(maxlen 6, nodes 353852)
OK  G=['2', '2', '22'] |G|=88 E1=(maxlen 6, nodes 1254582) E2=(maxlen 6, nodes 1254582)
OK  G=['2', '44'] |G|=88 E1=(maxlen 6, nodes 698864) E2=(maxlen 6, nodes 698864)
OK  G=['88'] |G|=88 E1=(maxlen 6, nodes 482392) E2=(maxlen 6, nodes 482392)
OK  G=['89'] |G|=89 E1=(maxlen 6, nodes 417770) E2=(maxlen 6, nodes 417770)
OK  G=['3', '30'] |G|=90 E1=(maxlen 6, nodes 500667) E2=(maxlen 6, nodes 500667)
OK  G=['90'] |G|=90 E1=(maxlen 6, nodes 534713) E2=(maxlen 6, nodes 534713)
OK  G=['91'] |G|=91 E1=(maxlen 6, nodes 482398) E2=(maxlen 6, nodes 482398)
OK  G=['2', '46'] |G|=92 E1=(maxlen 6, nodes 890545) E2=(maxlen 6, nodes 890545)
OK  G=['92'] |G|=92 E1=(maxlen 6, nodes 646936) E2=(maxlen 6, nodes 646936)
OK  G=['93'] |G|=93 E1=(maxlen 6, nodes 552983) E2=(maxlen 6, nodes 552983)
OK  G=['94'] |G|=94 E1=(maxlen 6, nodes 725399) E2=(maxlen 6, nodes 725399)
OK  G=['95'] |G|=95 E1=(maxlen 6, nodes 652504) E2=(maxlen 6, nodes 652504)
OK  G=['2', '2', '24'] |G|=96 E1=(maxlen 6, nodes 2359602) E2=(maxlen 6, nodes 2359602)
OK  G=['2', '48'] |G|=96 E1=(maxlen 6, nodes 1231060) E2=(maxlen 6, nodes 1231060)
OK  G=['2', '4', '12'] |G|=96 E1=(maxlen 6, nodes 2715222) E2=(maxlen 6, nodes 2715222)
OK  G=['4', '24'] |G|=96 E1=(maxlen 6, nodes 1369196) E2=(maxlen 6, nodes 1369196)
OK  G=['96'] |G|=96 E1=(maxlen 6, nodes 851198) E2=(maxlen 6, nodes 851198)
OK  G=['97'] |G|=97 E1=(maxlen 6, nodes 749365) E2=(maxlen 6, nodes 749365)
OK  G=['7', '14'] |G|=98 E1=(maxlen 6, nodes 899134) E2=(maxlen 6, nodes 899134)
OK  G=['98'] |G|=98 E1=(maxlen 6, nodes 960202) E2=(maxlen 6, nodes 960202)
OK  G=['3', '33'] |G|=99 E1=(maxlen 6, nodes 809643) E2=(maxlen 6, nodes 809643)
OK  G=['99'] |G|=99 E1=(maxlen 6, nodes 854062) E2=(maxlen 6, nodes 854062)
OK  G=['100'] |G|=100 E1=(maxlen 6, nodes 1164528) E2=(maxlen 6, nodes 1164528)
OK  G=['10', '10'] |G|=100 E1=(maxlen 6, nodes 1722535) E2=(maxlen 6, nodes 1722535)
OK  G=['2', '50'] |G|=100 E1=(maxlen 6, nodes 1616425) E2=(maxlen 6, nodes 1616425)
OK  G=['5', '20'] |G|=100 E1=(maxlen 6, nodes 1215168) E2=(maxlen 6, nodes 1215168)

TOTAL 175 ok, 0 mismatches (cells with |G| <= 100)
