n=   9 C3+C3                  lb=2 cap=3 lmax=2 DEFICIENT (0.00s, 9 nodes)
n=  18 C2+C3+C3               lb=3 cap=4 lmax=4  (0.00s, 96 nodes)
n=  27 C3+C3+C3               lb=3 cap=4 lmax=3 DEFICIENT (0.00s, 313 nodes)
n=  36 C3+C3+C4               lb=4 cap=5 lmax=5  (0.00s, 214 nodes)
n=  36 C2+C2+C3+C3            lb=4 cap=5 lmax=5  (0.00s, 2061 nodes)
n=  45 C3+C3+C5               lb=4 cap=5 lmax=5  (0.00s, 311 nodes)
n=  49 C7+C7                  lb=4 cap=5 lmax=5  (0.00s, 343 nodes)
n=  54 C2+C3+C3+C3            lb=4 cap=5 lmax=5  (0.00s, 1669 nodes)
n=  72 C3+C3+C8               lb=5 cap=6 lmax=6  (0.00s, 783 nodes)
n=  72 C2+C3+C3+C4            lb=5 cap=6 lmax=6  (0.00s, 3929 nodes)
n=  72 C2+C2+C2+C3+C3         lb=5 cap=6 lmax=6  (0.02s, 131300 nodes)
n=  75 C3+C5+C5               lb=5 cap=6 lmax=5 DEFICIENT (0.02s, 136463 nodes)
n=  81 C3+C27                 lb=5 cap=6 lmax=6  (0.00s, 202 nodes)
n=  81 C3+C3+C9               lb=5 cap=6 lmax=5 DEFICIENT (0.02s, 175120 nodes)
n=  81 C3+C3+C3+C3            lb=4 cap=6 lmax=4 DEFICIENT (0.01s, 72760 nodes)
n=  90 C2+C3+C3+C5            lb=5 cap=6 lmax=6  (0.00s, 6999 nodes)
n=  98 C2+C7+C7               lb=5 cap=6 lmax=6  (0.00s, 15528 nodes)
n= 108 C3+C3+C3+C4            lb=5 cap=6 lmax=6  (0.01s, 17912 nodes)
n= 108 C2+C2+C3+C3+C3         lb=5 cap=6 lmax=6  (0.02s, 101288 nodes)
n= 135 C3+C5+C9               lb=6 cap=7 lmax=6 DEFICIENT (1.76s, 8201450 nodes)
n= 135 C3+C3+C3+C5            lb=5 cap=7 lmax=6 DEFICIENT (1.57s, 6877237 nodes)
n= 144 C3+C3+C16              lb=6 cap=7 lmax=7  (0.00s, 3000 nodes)
n= 144 C2+C3+C3+C8            lb=6 cap=7 lmax=7  (0.02s, 27884 nodes)
n= 144 C3+C3+C4+C4            lb=6 cap=7 lmax=7  (0.01s, 9178 nodes)
n= 144 C2+C2+C3+C3+C4         lb=6 cap=7 lmax=7  (0.07s, 324266 nodes)
n= 144 C2+C2+C2+C2+C3+C3      lb=6 cap=7 lmax=7  (5.97s, 26448135 nodes)
n= 147 C3+C7+C7               lb=6 cap=7 lmax=7  (3.61s, 14578247 nodes)
n= 150 C2+C3+C5+C5            lb=6 cap=7 lmax=7  (4.36s, 16536877 nodes)
n= 153 C3+C3+C17              lb=6 cap=7 lmax=7  (0.00s, 2864 nodes)
n= 162 C2+C3+C27              lb=6 cap=7 lmax=7  (0.00s, 10849 nodes)
n= 162 C2+C3+C3+C9            lb=6 cap=7 lmax=7  (0.01s, 38154 nodes)
n= 162 C2+C3+C3+C3+C3         lb=5 cap=7 lmax=6 DEFICIENT (5.08s, 20756974 nodes)
n= 169 C13+C13                lb=6 cap=7 lmax=7  (0.02s, 86941 nodes)
n= 171 C3+C3+C19              lb=6 cap=7 lmax=7  (0.00s, 6034 nodes)
n= 180 C3+C3+C4+C5            lb=6 cap=7 lmax=7  (0.01s, 15770 nodes)
n= 180 C2+C2+C3+C3+C5         lb=6 cap=7 lmax=7  (0.21s, 697210 nodes)
n= 189 C3+C3+C3+C7            lb=6 cap=7 lmax=7  (6.56s, 20150227 nodes)
n= 196 C4+C7+C7               lb=6 cap=7 lmax=7  (0.37s, 1574121 nodes)
n= 196 C2+C2+C7+C7            lb=6 cap=7 lmax=7  (0.54s, 2089251 nodes)
n= 216 C3+C3+C3+C8            lb=6 cap=7 lmax=7  (0.07s, 131117 nodes)
n= 216 C2+C3+C3+C3+C4         lb=6 cap=7 lmax=7  (0.04s, 90302 nodes)
n= 216 C2+C2+C2+C3+C3+C3      lb=6 cap=7 lmax=7  (5.93s, 18798639 nodes)
n= 225 C3+C3+C5+C5            lb=6 cap=7 lmax=7  (0.02s, 29997 nodes)
n= 243 C3+C3+C27              lb=6 cap=7 lmax=7  (0.02s, 27965 nodes)
n= 243 C3+C3+C3+C9            lb=6 cap=7 lmax=7  (2.31s, 5345840 nodes)
n= 243 C3+C3+C3+C3+C3         lb=5 cap=7 lmax=5 DEFICIENT (0.00s, -1 nodes)
census to 255: 493 groups, 54.4s total, 0 timeouts: []
