dissociated 5-sets in C5+C15: 85155
extensions to dissociated 6-sets: 0 (must be 0)
Aut-orbits of maximum dissociated sets: 193
  orbit 0: size 15, k(C3-support)=1, element orders [3, 5, 5, 5, 5], rep [(0, 0, 1), (1, 1, 0), (1, 2, 0), (2, 2, 0), (2, 4, 0)]
  orbit 1: size 60, k(C3-support)=2, element orders [5, 5, 5, 15, 15], rep [(1, 2, 0), (2, 1, 0), (2, 1, 1), (2, 1, 2), (2, 4, 0)]
  orbit 2: size 120, k(C3-support)=2, element orders [5, 5, 5, 15, 15], rep [(1, 1, 2), (1, 3, 0), (2, 1, 0), (2, 2, 0), (2, 2, 2)]
  orbit 3: size 120, k(C3-support)=3, element orders [5, 5, 15, 15, 15], rep [(1, 3, 0), (1, 4, 1), (1, 4, 2), (2, 1, 0), (2, 3, 1)]
  orbit 4: size 120, k(C3-support)=1, element orders [5, 5, 5, 5, 15], rep [(0, 1, 0), (0, 1, 1), (0, 2, 0), (1, 4, 0), (2, 3, 0)]
  orbit 5: size 120, k(C3-support)=3, element orders [3, 5, 5, 15, 15], rep [(0, 0, 1), (1, 0, 1), (1, 1, 0), (2, 0, 2), (2, 2, 0)]
  orbit 6: size 120, k(C3-support)=4, element orders [5, 15, 15, 15, 15], rep [(0, 1, 1), (1, 1, 1), (1, 2, 0), (1, 4, 1), (2, 1, 2)]
  orbit 7: size 120, k(C3-support)=1, element orders [3, 5, 5, 5, 5], rep [(0, 0, 1), (1, 0, 0), (1, 1, 0), (2, 2, 0), (2, 4, 0)]
  orbit 8: size 120, k(C3-support)=2, element orders [3, 5, 5, 5, 15], rep [(0, 0, 1), (1, 1, 0), (1, 3, 0), (2, 1, 0), (2, 2, 2)]
  orbit 9: size 240, k(C3-support)=4, element orders [5, 15, 15, 15, 15], rep [(1, 0, 1), (1, 0, 2), (1, 2, 1), (1, 3, 0), (2, 2, 1)]
  orbit 10: size 240, k(C3-support)=5, element orders [15, 15, 15, 15, 15], rep [(0, 1, 2), (0, 2, 2), (1, 4, 2), (2, 0, 2), (2, 3, 2)]
  orbit 11: size 240, k(C3-support)=3, element orders [5, 5, 15, 15, 15], rep [(1, 0, 0), (1, 1, 2), (1, 3, 2), (1, 4, 0), (2, 4, 2)]
  orbit 12: size 240, k(C3-support)=3, element orders [5, 5, 15, 15, 15], rep [(0, 2, 1), (1, 3, 0), (1, 4, 1), (2, 0, 2), (2, 4, 0)]
  orbit 13: size 240, k(C3-support)=5, element orders [3, 15, 15, 15, 15], rep [(0, 0, 1), (1, 3, 2), (1, 4, 2), (2, 1, 2), (2, 3, 2)]
  orbit 14: size 240, k(C3-support)=4, element orders [5, 15, 15, 15, 15], rep [(1, 2, 2), (1, 3, 0), (1, 3, 1), (1, 3, 2), (2, 4, 2)]
  orbit 15: size 240, k(C3-support)=2, element orders [5, 5, 5, 15, 15], rep [(0, 2, 0), (1, 0, 1), (1, 1, 1), (1, 3, 0), (2, 1, 0)]
  orbit 16: size 240, k(C3-support)=2, element orders [5, 5, 5, 15, 15], rep [(1, 1, 0), (1, 4, 0), (2, 0, 1), (2, 0, 2), (2, 3, 0)]
  orbit 17: size 240, k(C3-support)=3, element orders [5, 5, 15, 15, 15], rep [(1, 1, 0), (1, 1, 2), (1, 3, 0), (1, 4, 1), (2, 0, 2)]
  orbit 18: size 240, k(C3-support)=3, element orders [3, 5, 5, 15, 15], rep [(0, 0, 1), (0, 1, 1), (0, 2, 0), (1, 3, 2), (2, 1, 0)]
  orbit 19: size 240, k(C3-support)=3, element orders [5, 5, 15, 15, 15], rep [(0, 1, 0), (0, 1, 1), (0, 1, 2), (1, 3, 2), (2, 1, 0)]
  orbit 20: size 240, k(C3-support)=1, element orders [5, 5, 5, 5, 15], rep [(1, 2, 0), (1, 3, 1), (1, 4, 0), (2, 3, 0), (2, 4, 0)]
  orbit 21: size 240, k(C3-support)=4, element orders [5, 15, 15, 15, 15], rep [(1, 2, 2), (1, 4, 2), (2, 0, 0), (2, 3, 2), (2, 4, 1)]
  orbit 22: size 240, k(C3-support)=4, element orders [5, 15, 15, 15, 15], rep [(0, 1, 1), (1, 0, 1), (1, 1, 1), (2, 2, 1), (2, 3, 0)]
  orbit 23: size 240, k(C3-support)=5, element orders [15, 15, 15, 15, 15], rep [(0, 1, 2), (1, 3, 1), (1, 4, 1), (1, 4, 2), (2, 4, 1)]
  orbit 24: size 240, k(C3-support)=3, element orders [5, 5, 15, 15, 15], rep [(0, 1, 0), (1, 3, 0), (1, 4, 1), (1, 4, 2), (2, 4, 1)]
  orbit 25: size 240, k(C3-support)=2, element orders [5, 5, 5, 15, 15], rep [(0, 1, 0), (1, 2, 0), (2, 3, 0), (2, 3, 1), (2, 3, 2)]
  orbit 26: size 480, k(C3-support)=1, element orders [5, 5, 5, 5, 15], rep [(0, 2, 0), (1, 1, 0), (1, 3, 1), (2, 2, 0), (2, 3, 0)]
  orbit 27: size 480, k(C3-support)=4, element orders [5, 15, 15, 15, 15], rep [(1, 0, 2), (1, 1, 0), (1, 3, 2), (1, 4, 1), (2, 3, 2)]
  orbit 28: size 480, k(C3-support)=5, element orders [15, 15, 15, 15, 15], rep [(0, 1, 1), (0, 2, 2), (1, 0, 1), (1, 0, 2), (1, 1, 1)]
  orbit 29: size 480, k(C3-support)=3, element orders [5, 5, 15, 15, 15], rep [(1, 2, 1), (2, 0, 1), (2, 1, 0), (2, 3, 0), (2, 4, 1)]
  orbit 30: size 480, k(C3-support)=3, element orders [5, 5, 15, 15, 15], rep [(0, 2, 1), (1, 2, 1), (1, 3, 2), (1, 4, 0), (2, 3, 0)]
  orbit 31: size 480, k(C3-support)=5, element orders [15, 15, 15, 15, 15], rep [(0, 1, 1), (0, 1, 2), (0, 2, 1), (1, 3, 1), (2, 3, 1)]
  orbit 32: size 480, k(C3-support)=2, element orders [5, 5, 5, 15, 15], rep [(0, 1, 1), (1, 0, 0), (1, 2, 1), (1, 3, 0), (2, 0, 0)]
  orbit 33: size 480, k(C3-support)=4, element orders [5, 15, 15, 15, 15], rep [(0, 1, 2), (0, 2, 1), (1, 0, 0), (1, 1, 1), (2, 2, 1)]
  orbit 34: size 480, k(C3-support)=3, element orders [5, 5, 15, 15, 15], rep [(0, 1, 2), (1, 1, 0), (1, 1, 1), (1, 4, 1), (2, 2, 0)]
  orbit 35: size 480, k(C3-support)=5, element orders [15, 15, 15, 15, 15], rep [(0, 2, 2), (1, 0, 2), (1, 4, 1), (2, 0, 1), (2, 0, 2)]
  orbit 36: size 480, k(C3-support)=3, element orders [5, 5, 15, 15, 15], rep [(1, 2, 0), (1, 3, 2), (2, 1, 0), (2, 1, 2), (2, 3, 1)]
  orbit 37: size 480, k(C3-support)=4, element orders [3, 5, 15, 15, 15], rep [(0, 0, 1), (1, 3, 0), (1, 4, 2), (2, 0, 1), (2, 3, 1)]
  orbit 38: size 480, k(C3-support)=4, element orders [5, 15, 15, 15, 15], rep [(0, 2, 2), (2, 0, 1), (2, 1, 2), (2, 3, 0), (2, 4, 2)]
  orbit 39: size 480, k(C3-support)=4, element orders [3, 5, 15, 15, 15], rep [(0, 0, 1), (0, 2, 1), (1, 2, 0), (2, 3, 1), (2, 4, 1)]
  orbit 40: size 480, k(C3-support)=2, element orders [5, 5, 5, 15, 15], rep [(1, 0, 2), (1, 4, 0), (2, 3, 0), (2, 4, 0), (2, 4, 1)]
  orbit 41: size 480, k(C3-support)=3, element orders [5, 5, 15, 15, 15], rep [(1, 0, 0), (1, 0, 1), (1, 0, 2), (2, 2, 1), (2, 4, 0)]
  orbit 42: size 480, k(C3-support)=4, element orders [5, 15, 15, 15, 15], rep [(0, 1, 2), (1, 2, 1), (1, 4, 0), (2, 4, 1), (2, 4, 2)]
  orbit 43: size 480, k(C3-support)=5, element orders [15, 15, 15, 15, 15], rep [(0, 1, 1), (0, 1, 2), (1, 0, 1), (1, 2, 2), (2, 4, 2)]
  orbit 44: size 480, k(C3-support)=3, element orders [5, 5, 15, 15, 15], rep [(0, 1, 0), (0, 2, 0), (0, 2, 2), (1, 0, 1), (2, 2, 1)]
  orbit 45: size 480, k(C3-support)=5, element orders [15, 15, 15, 15, 15], rep [(0, 1, 1), (0, 2, 2), (1, 4, 2), (2, 0, 1), (2, 4, 2)]
  orbit 46: size 480, k(C3-support)=4, element orders [5, 15, 15, 15, 15], rep [(0, 1, 1), (0, 2, 1), (1, 0, 1), (2, 4, 0), (2, 4, 2)]
  orbit 47: size 480, k(C3-support)=3, element orders [5, 5, 15, 15, 15], rep [(0, 1, 0), (1, 0, 1), (2, 1, 1), (2, 1, 2), (2, 2, 0)]
  orbit 48: size 480, k(C3-support)=2, element orders [5, 5, 5, 15, 15], rep [(0, 2, 0), (1, 1, 0), (2, 1, 2), (2, 2, 2), (2, 4, 0)]
  orbit 49: size 480, k(C3-support)=2, element orders [5, 5, 5, 15, 15], rep [(0, 2, 1), (1, 1, 0), (1, 3, 2), (2, 0, 0), (2, 3, 0)]
  orbit 50: size 480, k(C3-support)=4, element orders [5, 15, 15, 15, 15], rep [(1, 1, 1), (1, 1, 2), (1, 2, 0), (2, 0, 2), (2, 1, 2)]
  orbit 51: size 480, k(C3-support)=4, element orders [5, 15, 15, 15, 15], rep [(0, 2, 1), (0, 2, 2), (1, 2, 0), (1, 3, 1), (2, 1, 2)]
  orbit 52: size 480, k(C3-support)=4, element orders [5, 15, 15, 15, 15], rep [(0, 1, 2), (1, 0, 0), (1, 2, 1), (2, 4, 1), (2, 4, 2)]
  orbit 53: size 480, k(C3-support)=3, element orders [5, 5, 15, 15, 15], rep [(0, 2, 0), (1, 1, 1), (1, 2, 0), (1, 4, 2), (2, 4, 1)]
  orbit 54: size 480, k(C3-support)=4, element orders [5, 15, 15, 15, 15], rep [(0, 1, 1), (0, 2, 1), (0, 2, 2), (1, 3, 2), (2, 4, 0)]
  orbit 55: size 480, k(C3-support)=3, element orders [5, 5, 15, 15, 15], rep [(0, 1, 0), (1, 1, 1), (1, 2, 0), (2, 2, 2), (2, 4, 2)]
  orbit 56: size 480, k(C3-support)=4, element orders [5, 15, 15, 15, 15], rep [(0, 1, 0), (0, 2, 2), (1, 2, 1), (1, 3, 2), (2, 0, 2)]
  orbit 57: size 480, k(C3-support)=3, element orders [5, 5, 15, 15, 15], rep [(0, 2, 0), (0, 2, 1), (1, 2, 0), (1, 3, 1), (2, 1, 1)]
  orbit 58: size 480, k(C3-support)=4, element orders [5, 15, 15, 15, 15], rep [(0, 1, 1), (0, 1, 2), (0, 2, 2), (1, 3, 2), (2, 1, 0)]
  orbit 59: size 480, k(C3-support)=3, element orders [3, 5, 5, 15, 15], rep [(0, 0, 1), (0, 1, 1), (0, 2, 0), (1, 0, 0), (2, 2, 2)]
  orbit 60: size 480, k(C3-support)=5, element orders [15, 15, 15, 15, 15], rep [(1, 2, 2), (1, 3, 2), (2, 1, 1), (2, 3, 2), (2, 4, 1)]
  orbit 61: size 480, k(C3-support)=2, element orders [5, 5, 5, 15, 15], rep [(1, 0, 0), (1, 1, 0), (1, 2, 1), (1, 4, 1), (2, 2, 0)]
  orbit 62: size 480, k(C3-support)=4, element orders [5, 15, 15, 15, 15], rep [(0, 1, 2), (1, 4, 2), (2, 0, 1), (2, 2, 0), (2, 3, 1)]
  orbit 63: size 480, k(C3-support)=5, element orders [15, 15, 15, 15, 15], rep [(1, 1, 2), (1, 2, 2), (1, 3, 2), (1, 4, 1), (2, 0, 2)]
  orbit 64: size 480, k(C3-support)=2, element orders [5, 5, 5, 15, 15], rep [(1, 0, 0), (1, 0, 2), (1, 1, 1), (2, 0, 0), (2, 3, 0)]
  orbit 65: size 480, k(C3-support)=5, element orders [3, 15, 15, 15, 15], rep [(0, 0, 1), (0, 2, 2), (1, 1, 2), (1, 2, 2), (2, 2, 2)]
  orbit 66: size 480, k(C3-support)=3, element orders [5, 5, 15, 15, 15], rep [(0, 1, 0), (1, 2, 1), (1, 3, 0), (1, 4, 1), (2, 4, 2)]
  orbit 67: size 480, k(C3-support)=4, element orders [5, 15, 15, 15, 15], rep [(1, 1, 1), (1, 3, 0), (2, 0, 1), (2, 1, 2), (2, 2, 1)]
  orbit 68: size 480, k(C3-support)=3, element orders [5, 5, 15, 15, 15], rep [(1, 0, 1), (1, 1, 2), (1, 4, 0), (2, 4, 0), (2, 4, 2)]
  orbit 69: size 480, k(C3-support)=4, element orders [5, 15, 15, 15, 15], rep [(0, 1, 2), (0, 2, 2), (1, 0, 0), (2, 2, 2), (2, 4, 2)]
  orbit 70: size 480, k(C3-support)=3, element orders [5, 5, 15, 15, 15], rep [(1, 0, 2), (1, 1, 2), (1, 2, 2), (1, 3, 0), (2, 4, 0)]
  orbit 71: size 480, k(C3-support)=3, element orders [5, 5, 15, 15, 15], rep [(0, 1, 1), (1, 4, 0), (2, 0, 1), (2, 3, 0), (2, 4, 2)]
  orbit 72: size 480, k(C3-support)=4, element orders [5, 15, 15, 15, 15], rep [(1, 0, 1), (1, 2, 1), (1, 3, 1), (2, 1, 1), (2, 3, 0)]
  orbit 73: size 480, k(C3-support)=4, element orders [3, 5, 15, 15, 15], rep [(0, 0, 1), (1, 0, 0), (1, 2, 2), (1, 4, 2), (2, 3, 1)]
  orbit 74: size 480, k(C3-support)=3, element orders [5, 5, 15, 15, 15], rep [(1, 3, 0), (1, 3, 1), (2, 0, 1), (2, 1, 0), (2, 4, 1)]
  orbit 75: size 480, k(C3-support)=4, element orders [5, 15, 15, 15, 15], rep [(0, 1, 1), (0, 2, 1), (1, 3, 0), (1, 3, 1), (2, 1, 2)]
  orbit 76: size 480, k(C3-support)=4, element orders [5, 15, 15, 15, 15], rep [(1, 0, 0), (1, 0, 1), (1, 1, 1), (1, 2, 2), (1, 4, 1)]
  orbit 77: size 480, k(C3-support)=1, element orders [5, 5, 5, 5, 15], rep [(1, 0, 0), (1, 0, 1), (2, 0, 0), (2, 1, 0), (2, 3, 0)]
  orbit 78: size 480, k(C3-support)=3, element orders [5, 5, 15, 15, 15], rep [(1, 0, 2), (1, 1, 0), (2, 0, 2), (2, 3, 0), (2, 3, 2)]
  orbit 79: size 480, k(C3-support)=5, element orders [15, 15, 15, 15, 15], rep [(1, 2, 2), (1, 3, 2), (2, 1, 1), (2, 2, 2), (2, 3, 1)]
  orbit 80: size 480, k(C3-support)=2, element orders [5, 5, 5, 15, 15], rep [(0, 2, 1), (1, 2, 0), (1, 3, 0), (1, 3, 2), (2, 4, 0)]
  orbit 81: size 480, k(C3-support)=5, element orders [15, 15, 15, 15, 15], rep [(0, 2, 1), (0, 2, 2), (1, 2, 1), (1, 4, 1), (2, 0, 1)]
  orbit 82: size 480, k(C3-support)=2, element orders [5, 5, 5, 15, 15], rep [(0, 1, 0), (1, 0, 1), (1, 2, 1), (1, 4, 0), (2, 4, 0)]
  orbit 83: size 480, k(C3-support)=3, element orders [5, 5, 15, 15, 15], rep [(0, 2, 0), (0, 2, 1), (0, 2, 2), (1, 0, 0), (2, 1, 2)]
  orbit 84: size 480, k(C3-support)=2, element orders [5, 5, 5, 15, 15], rep [(1, 3, 0), (1, 3, 2), (2, 2, 0), (2, 3, 0), (2, 4, 2)]
  orbit 85: size 480, k(C3-support)=3, element orders [5, 5, 15, 15, 15], rep [(0, 1, 1), (1, 0, 0), (1, 0, 1), (2, 0, 2), (2, 2, 0)]
  orbit 86: size 480, k(C3-support)=3, element orders [5, 5, 15, 15, 15], rep [(1, 1, 1), (1, 2, 1), (1, 3, 0), (2, 2, 2), (2, 3, 0)]
  orbit 87: size 480, k(C3-support)=4, element orders [5, 15, 15, 15, 15], rep [(0, 1, 1), (0, 2, 0), (1, 2, 2), (2, 3, 2), (2, 4, 2)]
  orbit 88: size 480, k(C3-support)=4, element orders [5, 15, 15, 15, 15], rep [(1, 0, 0), (1, 0, 1), (1, 3, 2), (1, 4, 1), (2, 1, 2)]
  orbit 89: size 480, k(C3-support)=3, element orders [5, 5, 15, 15, 15], rep [(0, 1, 2), (0, 2, 0), (1, 1, 0), (1, 1, 2), (2, 3, 2)]
  orbit 90: size 480, k(C3-support)=4, element orders [5, 15, 15, 15, 15], rep [(1, 1, 1), (1, 2, 0), (1, 2, 2), (2, 1, 1), (2, 4, 1)]
  orbit 91: size 480, k(C3-support)=5, element orders [15, 15, 15, 15, 15], rep [(0, 1, 1), (1, 2, 1), (2, 0, 1), (2, 1, 1), (2, 4, 1)]
  orbit 92: size 480, k(C3-support)=3, element orders [5, 5, 15, 15, 15], rep [(1, 0, 1), (1, 1, 0), (1, 2, 0), (2, 1, 2), (2, 3, 2)]
  orbit 93: size 480, k(C3-support)=3, element orders [5, 5, 15, 15, 15], rep [(0, 2, 0), (0, 2, 2), (1, 4, 1), (2, 1, 0), (2, 3, 1)]
  orbit 94: size 480, k(C3-support)=3, element orders [3, 5, 5, 15, 15], rep [(0, 0, 1), (1, 0, 0), (1, 2, 2), (1, 4, 0), (2, 3, 2)]
  orbit 95: size 480, k(C3-support)=4, element orders [3, 5, 15, 15, 15], rep [(0, 0, 1), (0, 1, 2), (1, 0, 1), (1, 2, 2), (2, 4, 0)]
  orbit 96: size 480, k(C3-support)=4, element orders [5, 15, 15, 15, 15], rep [(0, 2, 0), (1, 0, 1), (2, 0, 1), (2, 2, 2), (2, 4, 1)]
  orbit 97: size 480, k(C3-support)=5, element orders [15, 15, 15, 15, 15], rep [(1, 1, 2), (1, 2, 1), (1, 2, 2), (1, 3, 2), (2, 1, 1)]
  orbit 98: size 480, k(C3-support)=3, element orders [5, 5, 15, 15, 15], rep [(0, 1, 1), (1, 1, 1), (1, 2, 0), (1, 4, 1), (2, 4, 0)]
  orbit 99: size 480, k(C3-support)=4, element orders [5, 15, 15, 15, 15], rep [(1, 0, 0), (1, 4, 1), (1, 4, 2), (2, 0, 1), (2, 2, 1)]
  orbit 100: size 480, k(C3-support)=4, element orders [5, 15, 15, 15, 15], rep [(1, 4, 0), (1, 4, 2), (2, 0, 2), (2, 2, 1), (2, 3, 1)]
  orbit 101: size 480, k(C3-support)=3, element orders [5, 5, 15, 15, 15], rep [(0, 1, 0), (1, 4, 1), (2, 0, 0), (2, 1, 1), (2, 3, 1)]
  orbit 102: size 480, k(C3-support)=4, element orders [5, 15, 15, 15, 15], rep [(0, 1, 0), (1, 1, 1), (1, 3, 2), (1, 4, 1), (2, 2, 1)]
  orbit 103: size 480, k(C3-support)=4, element orders [5, 15, 15, 15, 15], rep [(1, 4, 0), (1, 4, 1), (1, 4, 2), (2, 0, 1), (2, 2, 1)]
  orbit 104: size 480, k(C3-support)=5, element orders [15, 15, 15, 15, 15], rep [(0, 2, 2), (1, 0, 2), (1, 1, 1), (1, 3, 2), (2, 0, 2)]
  orbit 105: size 480, k(C3-support)=3, element orders [5, 5, 15, 15, 15], rep [(1, 0, 0), (1, 1, 1), (1, 3, 1), (2, 0, 0), (2, 1, 2)]
  orbit 106: size 480, k(C3-support)=5, element orders [3, 15, 15, 15, 15], rep [(0, 0, 1), (0, 2, 1), (1, 1, 2), (2, 1, 2), (2, 2, 2)]
  orbit 107: size 480, k(C3-support)=4, element orders [5, 15, 15, 15, 15], rep [(0, 1, 2), (0, 2, 0), (1, 0, 1), (1, 1, 1), (2, 0, 2)]
  orbit 108: size 480, k(C3-support)=5, element orders [3, 15, 15, 15, 15], rep [(0, 0, 1), (1, 0, 2), (1, 1, 1), (1, 4, 1), (2, 2, 2)]
  orbit 109: size 480, k(C3-support)=3, element orders [5, 5, 15, 15, 15], rep [(1, 0, 0), (2, 0, 2), (2, 1, 2), (2, 3, 1), (2, 4, 0)]
  orbit 110: size 480, k(C3-support)=5, element orders [15, 15, 15, 15, 15], rep [(0, 1, 1), (0, 1, 2), (0, 2, 1), (1, 3, 2), (2, 1, 2)]
  orbit 111: size 480, k(C3-support)=4, element orders [3, 5, 15, 15, 15], rep [(0, 0, 1), (1, 1, 2), (1, 2, 1), (2, 1, 0), (2, 4, 1)]
  orbit 112: size 480, k(C3-support)=2, element orders [5, 5, 5, 15, 15], rep [(2, 0, 0), (2, 1, 0), (2, 1, 1), (2, 2, 0), (2, 4, 2)]
  orbit 113: size 480, k(C3-support)=1, element orders [5, 5, 5, 5, 15], rep [(1, 1, 0), (1, 2, 0), (1, 3, 0), (2, 2, 0), (2, 4, 1)]
  orbit 114: size 480, k(C3-support)=3, element orders [5, 5, 15, 15, 15], rep [(1, 3, 1), (2, 1, 0), (2, 2, 1), (2, 4, 0), (2, 4, 2)]
  orbit 115: size 480, k(C3-support)=3, element orders [5, 5, 15, 15, 15], rep [(1, 0, 0), (1, 4, 1), (2, 1, 2), (2, 2, 0), (2, 2, 2)]
  orbit 116: size 480, k(C3-support)=2, element orders [5, 5, 5, 15, 15], rep [(0, 2, 0), (1, 3, 0), (1, 3, 2), (2, 1, 0), (2, 2, 2)]
  orbit 117: size 480, k(C3-support)=4, element orders [5, 15, 15, 15, 15], rep [(0, 1, 0), (0, 1, 1), (1, 2, 2), (1, 4, 2), (2, 3, 1)]
  orbit 118: size 480, k(C3-support)=5, element orders [15, 15, 15, 15, 15], rep [(0, 1, 1), (0, 2, 1), (1, 0, 1), (1, 3, 2), (2, 3, 2)]
  orbit 119: size 480, k(C3-support)=5, element orders [3, 15, 15, 15, 15], rep [(0, 0, 1), (1, 1, 1), (1, 2, 1), (1, 4, 2), (2, 4, 1)]
  orbit 120: size 480, k(C3-support)=4, element orders [5, 15, 15, 15, 15], rep [(1, 0, 1), (1, 1, 1), (1, 3, 0), (1, 4, 1), (2, 3, 2)]
  orbit 121: size 480, k(C3-support)=3, element orders [3, 5, 5, 15, 15], rep [(0, 0, 1), (0, 1, 2), (0, 2, 1), (1, 2, 0), (2, 1, 0)]
  orbit 122: size 480, k(C3-support)=4, element orders [3, 5, 15, 15, 15], rep [(0, 0, 1), (0, 1, 2), (1, 0, 0), (1, 2, 2), (2, 0, 2)]
  orbit 123: size 480, k(C3-support)=3, element orders [5, 5, 15, 15, 15], rep [(1, 0, 0), (1, 1, 2), (1, 3, 1), (1, 3, 2), (2, 0, 0)]
  orbit 124: size 480, k(C3-support)=3, element orders [5, 5, 15, 15, 15], rep [(0, 1, 0), (1, 1, 0), (1, 3, 1), (1, 4, 2), (2, 2, 2)]
  orbit 125: size 480, k(C3-support)=4, element orders [5, 15, 15, 15, 15], rep [(0, 1, 2), (1, 0, 2), (2, 1, 1), (2, 3, 0), (2, 3, 2)]
  orbit 126: size 480, k(C3-support)=3, element orders [5, 5, 15, 15, 15], rep [(0, 2, 1), (1, 2, 2), (1, 3, 0), (2, 4, 0), (2, 4, 2)]
  orbit 127: size 480, k(C3-support)=3, element orders [5, 5, 15, 15, 15], rep [(0, 2, 1), (1, 1, 0), (1, 1, 2), (2, 3, 0), (2, 4, 1)]
  orbit 128: size 480, k(C3-support)=4, element orders [5, 15, 15, 15, 15], rep [(2, 0, 2), (2, 1, 2), (2, 2, 0), (2, 2, 1), (2, 2, 2)]
  orbit 129: size 480, k(C3-support)=2, element orders [5, 5, 5, 15, 15], rep [(0, 1, 0), (0, 1, 1), (0, 2, 0), (1, 0, 2), (2, 3, 0)]
  orbit 130: size 480, k(C3-support)=4, element orders [5, 15, 15, 15, 15], rep [(1, 0, 2), (1, 2, 2), (2, 1, 1), (2, 2, 2), (2, 3, 0)]
  orbit 131: size 480, k(C3-support)=4, element orders [5, 15, 15, 15, 15], rep [(0, 2, 0), (1, 0, 1), (1, 1, 1), (1, 4, 2), (2, 3, 1)]
  orbit 132: size 480, k(C3-support)=3, element orders [5, 5, 15, 15, 15], rep [(0, 2, 2), (2, 0, 1), (2, 1, 0), (2, 2, 2), (2, 3, 0)]
  orbit 133: size 480, k(C3-support)=2, element orders [5, 5, 5, 15, 15], rep [(1, 0, 0), (1, 2, 0), (2, 0, 0), (2, 2, 2), (2, 4, 1)]
  orbit 134: size 480, k(C3-support)=3, element orders [3, 5, 5, 15, 15], rep [(0, 0, 1), (0, 1, 1), (0, 2, 0), (1, 4, 0), (2, 2, 2)]
  orbit 135: size 480, k(C3-support)=3, element orders [5, 5, 15, 15, 15], rep [(1, 2, 0), (1, 2, 2), (2, 0, 2), (2, 1, 2), (2, 2, 0)]
  orbit 136: size 480, k(C3-support)=2, element orders [5, 5, 5, 15, 15], rep [(0, 1, 0), (1, 1, 1), (1, 4, 0), (1, 4, 1), (2, 3, 0)]
  orbit 137: size 480, k(C3-support)=1, element orders [5, 5, 5, 5, 15], rep [(0, 1, 0), (0, 2, 0), (1, 1, 0), (2, 0, 0), (2, 4, 2)]
  orbit 138: size 480, k(C3-support)=5, element orders [15, 15, 15, 15, 15], rep [(0, 1, 1), (1, 1, 2), (1, 4, 1), (1, 4, 2), (2, 3, 2)]
  orbit 139: size 480, k(C3-support)=4, element orders [3, 5, 15, 15, 15], rep [(0, 0, 1), (1, 1, 1), (1, 2, 1), (2, 2, 0), (2, 4, 1)]
  orbit 140: size 480, k(C3-support)=4, element orders [3, 5, 15, 15, 15], rep [(0, 0, 1), (0, 1, 0), (0, 2, 2), (1, 4, 1), (2, 4, 1)]
  orbit 141: size 480, k(C3-support)=5, element orders [15, 15, 15, 15, 15], rep [(0, 2, 1), (1, 3, 1), (1, 4, 2), (2, 1, 1), (2, 4, 2)]
  orbit 142: size 480, k(C3-support)=1, element orders [5, 5, 5, 5, 15], rep [(1, 1, 0), (1, 2, 0), (1, 3, 0), (2, 0, 2), (2, 1, 0)]
  orbit 143: size 480, k(C3-support)=3, element orders [3, 5, 5, 15, 15], rep [(0, 0, 1), (1, 1, 0), (1, 3, 0), (2, 0, 1), (2, 1, 1)]
  orbit 144: size 480, k(C3-support)=3, element orders [5, 5, 15, 15, 15], rep [(0, 1, 1), (1, 3, 2), (2, 1, 0), (2, 1, 2), (2, 4, 0)]
  orbit 145: size 480, k(C3-support)=3, element orders [5, 5, 15, 15, 15], rep [(0, 1, 2), (1, 0, 1), (2, 0, 1), (2, 3, 0), (2, 4, 0)]
  orbit 146: size 480, k(C3-support)=3, element orders [5, 5, 15, 15, 15], rep [(1, 2, 2), (1, 3, 0), (1, 3, 2), (2, 1, 0), (2, 4, 1)]
  orbit 147: size 480, k(C3-support)=4, element orders [5, 15, 15, 15, 15], rep [(0, 1, 2), (0, 2, 0), (1, 4, 1), (2, 0, 2), (2, 1, 2)]
  orbit 148: size 480, k(C3-support)=4, element orders [5, 15, 15, 15, 15], rep [(0, 2, 1), (1, 0, 1), (1, 0, 2), (1, 1, 0), (2, 4, 2)]
  orbit 149: size 480, k(C3-support)=4, element orders [5, 15, 15, 15, 15], rep [(1, 2, 2), (1, 3, 1), (2, 2, 1), (2, 4, 0), (2, 4, 2)]
  orbit 150: size 480, k(C3-support)=3, element orders [5, 5, 15, 15, 15], rep [(0, 1, 1), (0, 2, 0), (1, 2, 0), (2, 0, 1), (2, 1, 1)]
  orbit 151: size 480, k(C3-support)=3, element orders [5, 5, 15, 15, 15], rep [(1, 2, 0), (1, 3, 1), (2, 1, 1), (2, 2, 1), (2, 4, 0)]
  orbit 152: size 480, k(C3-support)=4, element orders [5, 15, 15, 15, 15], rep [(0, 1, 1), (1, 0, 0), (1, 1, 2), (1, 4, 1), (2, 3, 1)]
  orbit 153: size 480, k(C3-support)=4, element orders [5, 15, 15, 15, 15], rep [(1, 1, 0), (1, 3, 2), (2, 0, 1), (2, 0, 2), (2, 3, 1)]
  orbit 154: size 480, k(C3-support)=4, element orders [5, 15, 15, 15, 15], rep [(0, 1, 1), (1, 0, 1), (1, 1, 1), (2, 1, 0), (2, 2, 2)]
  orbit 155: size 480, k(C3-support)=3, element orders [5, 5, 15, 15, 15], rep [(0, 2, 0), (1, 0, 1), (1, 1, 0), (1, 1, 2), (2, 1, 2)]
  orbit 156: size 480, k(C3-support)=2, element orders [5, 5, 5, 15, 15], rep [(0, 1, 0), (1, 0, 0), (1, 2, 0), (1, 3, 1), (2, 2, 2)]
  orbit 157: size 480, k(C3-support)=4, element orders [5, 15, 15, 15, 15], rep [(0, 2, 1), (1, 2, 0), (1, 2, 2), (1, 3, 1), (1, 4, 2)]
  orbit 158: size 480, k(C3-support)=4, element orders [5, 15, 15, 15, 15], rep [(1, 3, 0), (1, 3, 2), (1, 4, 1), (2, 2, 2), (2, 3, 2)]
  orbit 159: size 480, k(C3-support)=4, element orders [3, 5, 15, 15, 15], rep [(0, 0, 1), (0, 2, 2), (1, 1, 2), (2, 1, 0), (2, 2, 2)]
  orbit 160: size 480, k(C3-support)=2, element orders [3, 5, 5, 5, 15], rep [(0, 0, 1), (1, 1, 0), (1, 3, 2), (1, 4, 0), (2, 1, 0)]
  orbit 161: size 480, k(C3-support)=2, element orders [5, 5, 5, 15, 15], rep [(1, 0, 0), (1, 4, 0), (2, 0, 1), (2, 3, 0), (2, 3, 2)]
  orbit 162: size 480, k(C3-support)=3, element orders [5, 5, 15, 15, 15], rep [(0, 2, 0), (0, 2, 1), (2, 0, 0), (2, 1, 1), (2, 2, 2)]
  orbit 163: size 480, k(C3-support)=3, element orders [5, 5, 15, 15, 15], rep [(1, 1, 1), (1, 3, 2), (1, 4, 0), (1, 4, 2), (2, 3, 0)]
  orbit 164: size 480, k(C3-support)=2, element orders [5, 5, 5, 15, 15], rep [(1, 2, 2), (2, 0, 0), (2, 1, 0), (2, 4, 0), (2, 4, 2)]
  orbit 165: size 480, k(C3-support)=5, element orders [15, 15, 15, 15, 15], rep [(1, 1, 2), (1, 3, 1), (2, 1, 2), (2, 2, 1), (2, 4, 2)]
  orbit 166: size 480, k(C3-support)=2, element orders [5, 5, 5, 15, 15], rep [(0, 2, 1), (1, 2, 1), (1, 3, 0), (2, 0, 0), (2, 1, 0)]
  orbit 167: size 480, k(C3-support)=3, element orders [5, 5, 15, 15, 15], rep [(1, 1, 1), (2, 0, 0), (2, 1, 0), (2, 2, 1), (2, 2, 2)]
  orbit 168: size 480, k(C3-support)=2, element orders [5, 5, 5, 15, 15], rep [(0, 2, 0), (1, 0, 2), (1, 4, 0), (2, 1, 0), (2, 3, 2)]
  orbit 169: size 480, k(C3-support)=4, element orders [5, 15, 15, 15, 15], rep [(1, 4, 1), (2, 0, 2), (2, 1, 1), (2, 1, 2), (2, 4, 0)]
  orbit 170: size 480, k(C3-support)=4, element orders [5, 15, 15, 15, 15], rep [(1, 0, 1), (1, 3, 2), (2, 0, 0), (2, 0, 1), (2, 4, 1)]
  orbit 171: size 480, k(C3-support)=3, element orders [5, 5, 15, 15, 15], rep [(0, 2, 0), (1, 0, 2), (2, 0, 0), (2, 1, 1), (2, 1, 2)]
  orbit 172: size 480, k(C3-support)=4, element orders [5, 15, 15, 15, 15], rep [(1, 2, 1), (1, 2, 2), (2, 0, 1), (2, 2, 0), (2, 4, 2)]
  orbit 173: size 480, k(C3-support)=2, element orders [3, 5, 5, 5, 15], rep [(0, 0, 1), (1, 1, 0), (1, 4, 0), (2, 1, 2), (2, 2, 0)]
  orbit 174: size 480, k(C3-support)=3, element orders [5, 5, 15, 15, 15], rep [(1, 0, 1), (1, 2, 0), (1, 3, 2), (1, 4, 0), (2, 1, 2)]
  orbit 175: size 480, k(C3-support)=2, element orders [5, 5, 5, 15, 15], rep [(0, 1, 0), (1, 1, 2), (1, 3, 0), (1, 3, 2), (2, 3, 0)]
  orbit 176: size 480, k(C3-support)=4, element orders [5, 15, 15, 15, 15], rep [(1, 2, 2), (1, 4, 1), (2, 0, 0), (2, 0, 2), (2, 4, 1)]
  orbit 177: size 480, k(C3-support)=3, element orders [5, 5, 15, 15, 15], rep [(1, 0, 2), (1, 1, 0), (2, 1, 0), (2, 3, 2), (2, 4, 2)]
  orbit 178: size 480, k(C3-support)=4, element orders [5, 15, 15, 15, 15], rep [(1, 0, 1), (1, 1, 1), (1, 3, 2), (1, 4, 0), (2, 4, 2)]
  orbit 179: size 480, k(C3-support)=1, element orders [5, 5, 5, 5, 15], rep [(0, 1, 0), (0, 2, 0), (1, 0, 0), (1, 0, 1), (2, 3, 0)]
  orbit 180: size 480, k(C3-support)=2, element orders [5, 5, 5, 15, 15], rep [(1, 0, 1), (2, 0, 0), (2, 2, 0), (2, 2, 1), (2, 4, 0)]
  orbit 181: size 480, k(C3-support)=4, element orders [5, 15, 15, 15, 15], rep [(0, 2, 1), (1, 0, 2), (1, 1, 1), (2, 0, 0), (2, 1, 1)]
  orbit 182: size 480, k(C3-support)=5, element orders [15, 15, 15, 15, 15], rep [(1, 3, 2), (1, 4, 1), (2, 1, 1), (2, 1, 2), (2, 4, 1)]
  orbit 183: size 480, k(C3-support)=3, element orders [5, 5, 15, 15, 15], rep [(0, 1, 2), (0, 2, 0), (0, 2, 2), (1, 1, 0), (2, 2, 2)]
  orbit 184: size 480, k(C3-support)=3, element orders [5, 5, 15, 15, 15], rep [(0, 1, 2), (0, 2, 0), (1, 3, 1), (2, 4, 0), (2, 4, 2)]
  orbit 185: size 480, k(C3-support)=2, element orders [5, 5, 5, 15, 15], rep [(0, 2, 0), (1, 0, 0), (1, 2, 1), (2, 0, 0), (2, 2, 2)]
  orbit 186: size 480, k(C3-support)=3, element orders [5, 5, 15, 15, 15], rep [(1, 0, 2), (1, 1, 0), (1, 2, 2), (1, 4, 2), (2, 1, 0)]
  orbit 187: size 480, k(C3-support)=2, element orders [5, 5, 5, 15, 15], rep [(0, 1, 0), (0, 2, 0), (1, 2, 1), (1, 4, 0), (2, 4, 2)]
  orbit 188: size 480, k(C3-support)=3, element orders [5, 5, 15, 15, 15], rep [(0, 2, 0), (1, 0, 2), (1, 4, 2), (2, 2, 2), (2, 3, 0)]
  orbit 189: size 480, k(C3-support)=3, element orders [3, 5, 5, 15, 15], rep [(0, 0, 1), (0, 2, 1), (1, 0, 0), (1, 1, 2), (2, 0, 0)]
  orbit 190: size 480, k(C3-support)=2, element orders [5, 5, 5, 15, 15], rep [(0, 2, 1), (1, 2, 2), (1, 3, 0), (2, 0, 0), (2, 3, 0)]
  orbit 191: size 480, k(C3-support)=4, element orders [5, 15, 15, 15, 15], rep [(1, 0, 0), (1, 1, 2), (1, 2, 1), (1, 3, 1), (2, 3, 2)]
  orbit 192: size 480, k(C3-support)=3, element orders [5, 5, 15, 15, 15], rep [(0, 2, 0), (0, 2, 2), (1, 1, 0), (1, 4, 2), (2, 4, 2)]


