done 2 2: L=1 DPM=2 (0.00s)
done 3 3: L=1 DPM=2 (0.00s)
done 4 4: L=2 DPM=3 (0.00s)
done 4 2+2: L=2 DPM=3 (0.00s)
done 5 5: L=2 DPM=3 (0.00s)
done 6 2+3: L=2 DPM=3 (0.00s)
done 7 7: L=2 DPM=3 (0.00s)
done 8 8: L=3 DPM=4 (0.00s)
done 8 2+4: L=3 DPM=4 (0.00s)
done 8 2+2+2: L=3 DPM=4 (0.00s)
done 9 9: L=3 DPM=4 (0.00s)
done 9 3+3: L=2 DPM=3 (0.00s)
done 10 2+5: L=3 DPM=4 (0.00s)
done 11 11: L=3 DPM=4 (0.00s)
done 12 3+4: L=3 DPM=4 (0.00s)
done 12 2+2+3: L=3 DPM=4 (0.00s)
done 13 13: L=3 DPM=4 (0.00s)
done 14 2+7: L=3 DPM=4 (0.00s)
done 15 3+5: L=3 DPM=4 (0.00s)
done 16 16: L=4 DPM=5 (0.00s)
done 16 2+8: L=4 DPM=5 (0.00s)
done 16 4+4: L=4 DPM=5 (0.00s)
done 16 2+2+4: L=4 DPM=5 (0.00s)
done 16 2+2+2+2: L=4 DPM=5 (0.00s)
done 17 17: L=4 DPM=5 (0.00s)
done 18 2+9: L=4 DPM=5 (0.00s)
done 18 2+3+3: L=4 DPM=5 (0.00s)
done 19 19: L=4 DPM=5 (0.00s)
done 20 4+5: L=4 DPM=5 (0.00s)
done 20 2+2+5: L=4 DPM=5 (0.00s)
done 21 3+7: L=4 DPM=5 (0.00s)
done 22 2+11: L=4 DPM=5 (0.00s)
done 23 23: L=4 DPM=5 (0.00s)
done 24 3+8: L=4 DPM=5 (0.00s)
done 24 2+3+4: L=4 DPM=5 (0.00s)
done 24 2+2+2+3: L=4 DPM=5 (0.00s)
done 25 25: L=4 DPM=5 (0.00s)
done 25 5+5: L=4 DPM=5 (0.00s)
done 26 2+13: L=4 DPM=5 (0.00s)
done 27 27: L=4 DPM=5 (0.00s)
done 27 3+9: L=4 DPM=5 (0.00s)
done 27 3+3+3: L=3 DPM=4 (0.00s)
done 28 4+7: L=4 DPM=5 (0.00s)
done 28 2+2+7: L=4 DPM=5 (0.00s)
done 29 29: L=4 DPM=5 (0.00s)
done 30 2+3+5: L=4 DPM=5 (0.00s)
done 31 31: L=4 DPM=5 (0.00s)
done 32 32: L=5 DPM=6 (0.00s)
done 32 2+16: L=5 DPM=6 (0.00s)
done 32 4+8: L=5 DPM=6 (0.00s)
done 32 2+2+8: L=5 DPM=6 (0.00s)
done 32 2+4+4: L=5 DPM=6 (0.00s)
done 32 2+2+2+4: L=5 DPM=6 (0.00s)
done 32 2+2+2+2+2: L=5 DPM=6 (0.02s)
done 33 3+11: L=5 DPM=6 (0.00s)
done 34 2+17: L=5 DPM=6 (0.00s)
done 35 5+7: L=5 DPM=6 (0.00s)
done 36 4+9: L=5 DPM=6 (0.00s)
done 36 2+2+9: L=5 DPM=6 (0.00s)
done 36 3+3+4: L=5 DPM=6 (0.00s)
done 36 2+2+3+3: L=5 DPM=6 (0.00s)
done 37 37: L=5 DPM=6 (0.00s)
done 38 2+19: L=5 DPM=6 (0.00s)
done 39 3+13: L=5 DPM=6 (0.00s)
done 40 5+8: L=5 DPM=6 (0.00s)
done 40 2+4+5: L=5 DPM=6 (0.00s)
done 40 2+2+2+5: L=5 DPM=6 (0.00s)
done 41 41: L=5 DPM=6 (0.00s)
done 42 2+3+7: L=5 DPM=6 (0.00s)
done 43 43: L=5 DPM=6 (0.00s)
done 44 4+11: L=5 DPM=6 (0.00s)
done 44 2+2+11: L=5 DPM=6 (0.00s)
done 45 5+9: L=5 DPM=6 (0.00s)
done 45 3+3+5: L=5 DPM=6 (0.00s)
done 46 2+23: L=5 DPM=6 (0.00s)
done 47 47: L=5 DPM=6 (0.00s)
done 48 3+16: L=5 DPM=6 (0.01s)
done 48 2+3+8: L=5 DPM=6 (0.01s)
done 48 3+4+4: L=5 DPM=6 (0.01s)
done 48 2+2+3+4: L=5 DPM=6 (0.01s)
done 48 2+2+2+2+3: L=5 DPM=6 (0.03s)
done 49 49: L=5 DPM=6 (0.01s)
done 49 7+7: L=5 DPM=6 (0.00s)
done 50 2+25: L=5 DPM=6 (0.01s)
done 50 2+5+5: L=5 DPM=6 (0.01s)
done 51 3+17: L=5 DPM=6 (0.01s)
done 52 4+13: L=5 DPM=6 (0.01s)
done 52 2+2+13: L=5 DPM=6 (0.01s)
done 53 53: L=5 DPM=6 (0.01s)
done 54 2+27: L=5 DPM=6 (0.01s)
done 54 2+3+9: L=5 DPM=6 (0.01s)
done 54 2+3+3+3: L=5 DPM=6 (0.01s)
done 55 5+11: L=5 DPM=6 (0.01s)
done 56 7+8: L=5 DPM=6 (0.01s)
done 56 2+4+7: L=5 DPM=6 (0.02s)
done 56 2+2+2+7: L=5 DPM=6 (0.03s)
done 57 3+19: L=5 DPM=6 (0.01s)
done 58 2+29: L=5 DPM=6 (0.02s)
done 59 59: L=5 DPM=6 (0.02s)
done 60 3+4+5: L=5 DPM=6 (0.02s)
done 60 2+2+3+5: L=5 DPM=6 (0.03s)
done 61 61: L=5 DPM=6 (0.02s)
done 62 2+31: L=5 DPM=6 (0.03s)
done 63 7+9: L=5 DPM=6 (0.03s)
done 63 3+3+7: L=5 DPM=6 (0.02s)
done 64 64: L=6 DPM=7 (0.04s)
done 64 2+32: L=6 DPM=7 (0.05s)
done 64 4+16: L=6 DPM=7 (0.05s)
done 64 2+2+16: L=6 DPM=7 (0.08s)
done 64 8+8: L=6 DPM=7 (0.05s)
done 64 2+4+8: L=6 DPM=7 (0.09s)
done 64 2+2+2+8: L=6 DPM=7 (0.22s)
done 64 4+4+4: L=6 DPM=7 (0.11s)
done 64 2+2+4+4: L=6 DPM=7 (0.28s)
done 64 2+2+2+2+4: L=6 DPM=7 (1.51s)
done 64 2+2+2+2+2+2: L=6 DPM=7 (18.62s)
done 65 5+13: L=6 DPM=7 (0.04s)
done 66 2+3+11: L=6 DPM=7 (0.04s)
done 67 67: L=6 DPM=7 (0.04s)
done 68 4+17: L=6 DPM=7 (0.06s)
done 68 2+2+17: L=6 DPM=7 (0.08s)
done 69 3+23: L=6 DPM=7 (0.05s)
done 70 2+5+7: L=6 DPM=7 (0.07s)
done 71 71: L=6 DPM=7 (0.07s)
done 72 8+9: L=6 DPM=7 (0.09s)
done 72 2+4+9: L=6 DPM=7 (0.12s)
done 72 2+2+2+9: L=6 DPM=7 (0.17s)
done 72 3+3+8: L=6 DPM=7 (0.07s)
done 72 2+3+3+4: L=6 DPM=7 (0.10s)
done 72 2+2+2+3+3: L=6 DPM=7 (0.15s)
done 73 73: L=6 DPM=7 (0.09s)
done 74 2+37: L=6 DPM=7 (0.12s)
done 75 3+25: L=6 DPM=7 (0.12s)
done 75 3+5+5: L=5 DPM=6 (0.10s)
done 76 4+19: L=6 DPM=7 (0.14s)
done 76 2+2+19: L=6 DPM=7 (0.17s)
done 77 7+11: L=6 DPM=7 (0.13s)
done 78 2+3+13: L=6 DPM=7 (0.15s)
done 79 79: L=6 DPM=7 (0.16s)
done 80 5+16: L=6 DPM=7 (0.21s)
done 80 2+5+8: L=6 DPM=7 (0.27s)
done 80 4+4+5: L=6 DPM=7 (0.30s)
done 80 2+2+4+5: L=6 DPM=7 (0.49s)
done 80 2+2+2+2+5: L=6 DPM=7 (1.25s)
done 81 81: L=6 DPM=7 (0.19s)
done 81 3+27: L=6 DPM=7 (0.17s)
done 81 9+9: L=6 DPM=7 (0.17s)
done 81 3+3+9: L=5 DPM=6 (0.11s)
done 81 3+3+3+3: L=4 DPM=5 (0.04s)
done 82 2+41: L=6 DPM=7 (0.24s)
done 83 83: L=6 DPM=7 (0.23s)
done 84 3+4+7: L=6 DPM=7 (0.28s)
done 84 2+2+3+7: L=6 DPM=7 (0.35s)
done 85 5+17: L=6 DPM=7 (0.28s)
done 86 2+43: L=6 DPM=7 (0.36s)
done 87 3+29: L=6 DPM=7 (0.32s)
done 88 8+11: L=6 DPM=7 (0.44s)
done 88 2+4+11: L=6 DPM=7 (0.59s)
done 88 2+2+2+11: L=6 DPM=7 (0.94s)
done 89 89: L=6 DPM=7 (0.40s)
done 90 2+5+9: L=6 DPM=7 (0.50s)
done 90 2+3+3+5: L=6 DPM=7 (0.42s)
done 91 7+13: L=6 DPM=7 (0.48s)
done 92 4+23: L=6 DPM=7 (0.63s)
done 92 2+2+23: L=6 DPM=7 (0.80s)
done 93 3+31: L=6 DPM=7 (0.55s)
done 94 2+47: L=6 DPM=7 (0.73s)
done 95 5+19: L=6 DPM=7 (0.68s)
done 96 3+32: L=6 DPM=7 (0.85s)
done 96 2+3+16: L=6 DPM=7 (1.10s)
done 96 3+4+8: L=6 DPM=7 (1.19s)
done 96 2+2+3+8: L=6 DPM=7 (1.89s)
done 96 2+3+4+4: L=6 DPM=7 (2.19s)
done 96 2+2+2+3+4: L=6 DPM=7 (4.97s)
done 96 2+2+2+2+2+3: L=6 DPM=7 (21.11s)
done 97 97: L=6 DPM=7 (0.82s)
done 98 2+49: L=6 DPM=7 (1.07s)
done 98 2+7+7: L=6 DPM=7 (0.96s)
done 99 9+11: L=6 DPM=7 (0.95s)
done 99 3+3+11: L=6 DPM=7 (0.82s)
done 100 4+25: L=6 DPM=7 (1.32s)
done 100 2+2+25: L=6 DPM=7 (1.65s)
done 100 4+5+5: L=6 DPM=7 (1.29s)
done 100 2+2+5+5: L=6 DPM=7 (1.76s)
SWEEP100_DONE
