done 101 101: L=6 DPM=7 (1.24s)
done 102 2+3+17: L=6 DPM=7 (1.52s)
done 103 103: L=6 DPM=7 (1.48s)
done 104 8+13: L=6 DPM=7 (1.84s)
done 104 2+4+13: L=6 DPM=7 (2.54s)
done 104 2+2+2+13: L=6 DPM=7 (3.97s)
done 105 3+5+7: L=6 DPM=7 (1.77s)
done 106 2+53: L=6 DPM=7 (2.19s)
done 107 107: L=6 DPM=7 (2.09s)
done 108 4+27: L=6 DPM=7 (2.76s)
done 108 2+2+27: L=6 DPM=7 (3.70s)
done 108 3+4+9: L=6 DPM=7 (2.60s)
done 108 2+2+3+9: L=6 DPM=7 (3.15s)
done 108 3+3+3+4: L=6 DPM=7 (1.39s)
done 108 2+2+3+3+3: L=6 DPM=7 (1.95s)
done 109 109: L=6 DPM=7 (2.27s)
done 110 2+5+11: L=6 DPM=7 (2.92s)
done 111 3+37: L=6 DPM=7 (2.57s)
done 112 7+16: L=6 DPM=7 (3.27s)
done 112 2+7+8: L=6 DPM=7 (4.56s)
done 112 4+4+7: L=6 DPM=7 (5.04s)
done 112 2+2+4+7: L=6 DPM=7 (7.83s)
done 112 2+2+2+2+7: L=6 DPM=7 (16.74s)
done 113 113: L=6 DPM=7 (3.17s)
done 114 2+3+19: L=6 DPM=7 (3.79s)
done 115 5+23: L=6 DPM=7 (3.68s)
done 116 4+29: L=6 DPM=7 (4.72s)
done 116 2+2+29: L=6 DPM=7 (6.08s)
done 117 9+13: L=6 DPM=7 (4.08s)
done 117 3+3+13: L=6 DPM=7 (3.53s)
done 118 2+59: L=6 DPM=7 (5.38s)
done 119 7+17: L=6 DPM=7 (4.91s)
done 120 3+5+8: L=6 DPM=7 (6.07s)
done 120 2+3+4+5: L=6 DPM=7 (8.66s)
done 120 2+2+2+3+5: L=6 DPM=7 (12.78s)
done 121 121: L=6 DPM=7 (5.80s)
done 121 11+11: L=6 DPM=7 (5.89s)
done 122 2+61: L=6 DPM=7 (7.41s)
done 123 3+41: L=6 DPM=7 (6.46s)
done 124 4+31: L=6 DPM=7 (8.68s)
done 124 2+2+31: L=6 DPM=7 (11.15s)
done 125 125: L=6 DPM=7 (7.80s)
done 125 5+25: L=6 DPM=7 (7.96s)
done 125 5+5+5: L=6 DPM=7 (8.22s)
done 126 2+7+9: L=6 DPM=7 (9.42s)
done 126 2+3+3+7: L=6 DPM=7 (8.08s)
done 127 127: L=6 DPM=7 (8.98s)
done 128 128: L=7 DPM=8 (11.05s)
done 128 2+64: L=7 DPM=8 (14.34s)
done 128 4+32: L=7 DPM=8 (14.68s)
done 128 2+2+32: L=7 DPM=8 (21.72s)
done 128 8+16: L=7 DPM=8 (14.79s)
done 128 2+4+16: L=7 DPM=8 (23.98s)
done 128 2+2+2+16: L=7 DPM=8 (49.69s)
done 128 2+8+8: L=7 DPM=8 (25.47s)
done 128 4+4+8: L=7 DPM=8 (29.86s)
done 128 2+2+4+8: L=7 DPM=8 (64.98s)
done 128 2+2+2+2+8: L=7 DPM=8 (249.42s)
done 128 2+4+4+4: L=7 DPM=8 (96.85s)
