[G] k=5: 80 sign vectors; small vectors to choose: 3; target=None reverse=True
  new best |E| = 7  W=[[1, 2, 0, -1], [2, 0, 1, -1], [0, 1, 2, -2]]  t=[1, 4, 7, 9]
  new best |E| = 8  W=[[1, 2, 0, -1], [0, 0, 2, -1]]  t=None
  new best |E| = 9  W=[[0, 1, 2, -2], [2, 0, 1, -1], [0, 2, 0, -1]]  t=[1, 4, 6, 8]
  new best |E| = 10  W=[[1, 2, 0, -1], [2, 0, 1, -1], [0, 1, 2, -2]]  t=[1, 4, 7, 9]
  new best |E| = 11  W=[[1, 2, 0, -1], [0, 0, 2, -1], [1, -2, 1, 0]]  t=[2, 3, 4, 8]
  new best |E| = 12  W=[[1, 2, 0, -1], [0, 0, 2, -1], [1, -2, 1, 0]]  t=[2, 3, 4, 8]
  progress: nodes=5000 p1=5206 mu=34823 cuts=22414 numeric=15691 best=12 |E|=8 W=[[2, 0, 1, -1], [1, 2, -1, 0]] rays<=7 elapsed=39s
  progress: nodes=10000 p1=6321 mu=42628 cuts=59644 numeric=61006 best=12 |E|=9 W=[[0, 0, 2, -1], [1, 2, 0, -1]] rays<=7 elapsed=109s
  progress: nodes=15000 p1=8230 mu=55985 cuts=99206 numeric=103763 best=12 |E|=8 W=[[1, 2, -1, 0], [0, 0, 2, -1]] rays<=7 elapsed=176s
  progress: nodes=20000 p1=9671 mu=66063 cuts=140487 numeric=155301 best=12 |E|=8 W=[[2, 1, 1, -1]] rays<=7 elapsed=259s
  progress: nodes=25000 p1=9837 mu=67228 cuts=202289 numeric=218728 best=12 |E|=9 W=[[2, 1, 1, -1], [1, -2, 1, 0]] rays<=7 elapsed=373s
  progress: nodes=30000 p1=10255 mu=70154 cuts=263860 numeric=281499 best=12 |E|=8 W=[[1, 2, 0, -1], [2, 0, 1, -1]] rays<=7 elapsed=483s
  progress: nodes=35000 p1=10452 mu=71531 cuts=317696 numeric=342085 best=12 |E|=10 W=[[2, 0, 1, -1], [2, 2, -1, 0]] rays<=7 elapsed=588s
  progress: nodes=40000 p1=10840 mu=74247 cuts=381830 numeric=424003 best=12 |E|=8 W=[[1, 2, 0, -1], [2, 0, 1, -1]] rays<=7 elapsed=725s
  progress: nodes=45000 p1=11220 mu=76906 cuts=433309 numeric=491036 best=12 |E|=8 W=[[0, 1, 2, -1], [2, 0, 2, -1]] rays<=7 elapsed=838s
  progress: nodes=50000 p1=11752 mu=80624 cuts=475315 numeric=533879 best=12 |E|=7 W=[[1, 2, 0, -2], [2, 0, 0, -1]] rays<=7 elapsed=915s
  progress: nodes=55000 p1=12963 mu=88946 cuts=516963 numeric=591671 best=12 |E|=8 W=[[0, 1, 2, -1], [0, 2, -1, 0]] rays<=7 elapsed=1008s
  progress: nodes=60000 p1=15045 mu=103065 cuts=556671 numeric=674726 best=12 |E|=7 W=[[0, 2, 1, -1], [1, 0, -2, 1]] rays<=7 elapsed=1132s
  progress: nodes=65000 p1=17386 mu=119039 cuts=603930 numeric=770300 best=12 |E|=8 W=[[2, 1, 1, -1], [0, 1, -2, 1]] rays<=7 elapsed=1282s
  progress: nodes=70000 p1=18497 mu=126768 cuts=655585 numeric=849347 best=12 |E|=7 W=[[1, 1, 2, -2], [2, 2, -1, 0]] rays<=7 elapsed=1405s
  progress: nodes=75000 p1=19565 mu=134082 cuts=691938 numeric=904576 best=12 |E|=8 W=[[0, 1, 2, -1], [2, 0, -1, 0]] rays<=7 elapsed=1509s
  progress: nodes=80000 p1=21857 mu=149608 cuts=720136 numeric=986241 best=12 |E|=9 W=[[1, -1, -2, 1], [1, 0, 2, -1]] rays<=7 elapsed=1654s
  progress: nodes=85000 p1=24232 mu=166086 cuts=767836 numeric=1053650 best=12 |E|=10 W=[[1, -1, -2, 1], [1, 0, 2, -1]] rays<=7 elapsed=1783s
  progress: nodes=90000 p1=24623 mu=168823 cuts=827013 numeric=1125950 best=12 |E|=7 W=[[2, 1, 1, -1], [2, -1, 0, 0]] rays<=7 elapsed=1930s
  progress: nodes=95000 p1=24759 mu=169775 cuts=894721 numeric=1187414 best=12 |E|=10 W=[[0, 1, 2, -1], [2, 0, -1, 0]] rays<=7 elapsed=2066s
  progress: nodes=100000 p1=24918 mu=170888 cuts=947631 numeric=1239171 best=12 |E|=9 W=[[0, 0, 2, -1], [1, 2, 1, -1]] rays<=7 elapsed=2181s
  progress: nodes=105000 p1=25268 mu=173339 cuts=1001170 numeric=1295524 best=12 |E|=8 W=[[3, 0, 2, -2], [0, 2, -1, 0]] rays<=7 elapsed=2304s
  progress: nodes=110000 p1=25545 mu=175280 cuts=1053813 numeric=1360379 best=12 |E|=7 W=[[2, 0, 1, -1], [1, 2, -1, 0]] rays<=7 elapsed=2447s
  progress: nodes=115000 p1=26567 mu=182418 cuts=1097835 numeric=1401279 best=12 |E|=7 W=[[2, -1, -1, 1], [0, 1, 2, -2]] rays<=7 elapsed=2536s
  progress: nodes=120000 p1=27450 mu=188600 cuts=1165085 numeric=1470569 best=12 |E|=9 W=[[1, 2, 1, -1], [1, 2, -1, 0]] rays<=7 elapsed=2644s
  progress: nodes=125000 p1=28518 mu=196075 cuts=1222462 numeric=1537900 best=12 |E|=8 W=[[2, -1, 0, 0], [3, 1, 0, -1]] rays<=7 elapsed=2757s
  progress: nodes=130000 p1=29802 mu=205048 cuts=1277066 numeric=1604182 best=12 |E|=8 W=[[1, 2, 1, -1], [1, 2, -1, 0]] rays<=7 elapsed=2872s
  progress: nodes=135000 p1=31209 mu=214695 cuts=1327552 numeric=1678605 best=12 |E|=8 W=[[2, -1, -1, 1], [0, 1, 2, -2]] rays<=7 elapsed=2999s
  progress: nodes=140000 p1=32788 mu=225593 cuts=1379050 numeric=1785004 best=12 |E|=9 W=[[2, 1, 1, -1], [2, 1, -1, 0]] rays<=7 elapsed=3178s
  progress: nodes=145000 p1=34145 mu=235008 cuts=1429486 numeric=1889821 best=12 |E|=8 W=[[2, 1, -1, 0], [1, 0, 2, -1]] rays<=7 elapsed=3361s
  progress: nodes=150000 p1=36020 mu=247786 cuts=1463549 numeric=1942829 best=12 |E|=7 W=[[0, 2, 1, -1], [2, -1, 0, 0]] rays<=7 elapsed=3443s
  progress: nodes=155000 p1=37896 mu=260649 cuts=1502075 numeric=1996685 best=12 |E|=8 W=[[2, 1, 2, -1], [0, 2, -1, 0]] rays<=7 elapsed=3524s
  progress: nodes=160000 p1=39379 mu=270750 cuts=1546268 numeric=2089644 best=12 |E|=9 W=[[0, 2, 1, -1], [1, -1, 2, -1]] rays<=7 elapsed=3672s
  progress: nodes=165000 p1=40814 mu=280609 cuts=1592786 numeric=2189726 best=12 |E|=7 W=[[1, -2, 0, 1], [2, 0, 1, -1]] rays<=7 elapsed=3834s
  progress: nodes=170000 p1=42330 mu=290931 cuts=1646063 numeric=2277652 best=12 |E|=9 W=[[1, 1, 2, -1], [2, -1, 0, 0]] rays<=7 elapsed=3974s
  progress: nodes=175000 p1=43941 mu=301964 cuts=1691109 numeric=2337372 best=12 |E|=10 W=[[2, -1, 0, 0], [2, 3, 0, -2]] rays<=7 elapsed=4060s
  progress: nodes=180000 p1=45129 mu=310153 cuts=1747404 numeric=2425577 best=12 |E|=10 W=[[2, 1, 2, -1], [2, -1, 0, 0]] rays<=7 elapsed=4187s
  progress: nodes=185000 p1=47120 mu=323810 cuts=1813489 numeric=2539261 best=12 |E|=9 W=[[3, -1, 0, 0], [1, -2, -2, 1]] rays<=7 elapsed=4354s
  progress: nodes=190000 p1=48607 mu=333827 cuts=1872566 numeric=2653887 best=12 |E|=10 W=[[1, -2, -2, 1], [1, 1, 2, -1]] rays<=7 elapsed=4536s
  progress: nodes=195000 p1=50318 mu=345646 cuts=1910616 numeric=2707595 best=12 |E|=9 W=[[2, -1, 0, 0], [2, 1, 0, -1]] rays<=7 elapsed=4622s
  progress: nodes=200000 p1=50607 mu=347669 cuts=1970418 numeric=2768317 best=12 |E|=8 W=[[1, 2, 1, -1], [2, 0, -1, 0]] rays<=7 elapsed=4720s
  progress: nodes=205000 p1=50829 mu=349221 cuts=2022247 numeric=2824533 best=12 |E|=10 W=[[2, -1, 2, -1], [0, 0, 2, -1]] rays<=7 elapsed=4813s
  progress: nodes=210000 p1=51081 mu=350984 cuts=2071245 numeric=2889520 best=12 |E|=9 W=[[2, 1, 1, -1], [0, 0, 2, -1]] rays<=7 elapsed=4927s
  progress: nodes=215000 p1=51821 mu=356158 cuts=2116521 numeric=2937123 best=12 |E|=7 W=[[2, -1, 0, 0]] rays<=7 elapsed=5008s
  progress: nodes=220000 p1=53427 mu=367394 cuts=2155201 numeric=2972808 best=12 |E|=8 W=[[2, 2, 0, -1], [2, 0, 1, -1]] rays<=7 elapsed=5061s
  progress: nodes=225000 p1=54637 mu=375750 cuts=2188916 numeric=3020010 best=12 |E|=8 W=[[1, 2, 1, -1], [2, 0, 2, -1]] rays<=7 elapsed=5137s
  progress: nodes=230000 p1=55909 mu=384417 cuts=2238388 numeric=3110520 best=12 |E|=9 W=[[0, 1, 2, -2], [1, -1, 2, -1]] rays<=7 elapsed=5281s
  progress: nodes=235000 p1=56894 mu=391171 cuts=2288532 numeric=3204035 best=12 |E|=9 W=[[2, 0, 2, -1], [1, -1, -2, 1]] rays<=7 elapsed=5431s
  progress: nodes=240000 p1=58143 mu=399762 cuts=2314108 numeric=3236214 best=12 |E|=9 W=[[2, 0, -1, 0], [2, 1, 1, -1]] rays<=7 elapsed=5489s
  progress: nodes=245000 p1=59085 mu=406347 cuts=2368657 numeric=3299905 best=12 |E|=8 W=[[0, 2, 1, -1], [2, 1, 1, -1]] rays<=7 elapsed=5592s
  progress: nodes=250000 p1=59936 mu=412304 cuts=2421038 numeric=3364514 best=12 |E|=9 W=[[2, 1, -1, 0], [1, 2, 1, -1]] rays<=7 elapsed=5696s
  progress: nodes=255000 p1=60653 mu=417323 cuts=2467702 numeric=3423093 best=12 |E|=9 W=[[0, 1, 2, -1], [0, 2, -1, 0]] rays<=7 elapsed=5793s
  progress: nodes=260000 p1=61880 mu=425634 cuts=2494971 numeric=3458555 best=12 |E|=7 W=[[2, 2, 0, -1]] rays<=7 elapsed=5846s
  progress: nodes=265000 p1=62985 mu=433186 cuts=2530475 numeric=3518592 best=12 |E|=9 W=[[2, 0, 1, -1]] rays<=7 elapsed=5943s
  progress: nodes=270000 p1=64296 mu=442068 cuts=2572556 numeric=3607607 best=12 |E|=9 W=[[2, 1, 1, -1], [0, 1, -2, 1]] rays<=7 elapsed=6079s
  progress: nodes=275000 p1=65239 mu=448544 cuts=2606657 numeric=3664976 best=12 |E|=7 W=[[0, 1, -2, 1], [1, 2, 0, -2]] rays<=7 elapsed=6171s
  progress: nodes=280000 p1=66207 mu=455313 cuts=2656496 numeric=3748687 best=12 |E|=8 W=[[1, -1, -2, 1], [1, 2, 0, -1]] rays<=7 elapsed=6312s
  progress: nodes=285000 p1=66765 mu=459218 cuts=2702996 numeric=3812774 best=12 |E|=8 W=[[1, 3, -1, 0], [2, 2, 1, -1]] rays<=7 elapsed=6422s
  progress: nodes=290000 p1=67562 mu=464790 cuts=2755992 numeric=3896178 best=12 |E|=8 W=[[1, 2, 1, -1], [3, 1, -1, 0]] rays<=7 elapsed=6550s
  progress: nodes=295000 p1=68692 mu=472505 cuts=2800458 numeric=3954059 best=12 |E|=8 W=[[1, -2, -1, 1], [2, 0, 1, -1]] rays<=7 elapsed=6642s
  progress: nodes=300000 p1=69843 mu=480296 cuts=2850345 numeric=4044496 best=12 |E|=8 W=[[2, -2, -1, 1], [3, 0, -1, 0]] rays<=7 elapsed=6789s
  progress: nodes=305000 p1=71408 mu=490803 cuts=2889530 numeric=4113477 best=12 |E|=8 W=[[2, 1, 0, -1], [0, 2, 0, -1]] rays<=7 elapsed=6900s
  progress: nodes=310000 p1=72844 mu=500399 cuts=2930291 numeric=4180010 best=12 |E|=9 W=[[1, 2, 1, -1], [1, 0, 2, -1]] rays<=7 elapsed=6998s
  progress: nodes=315000 p1=74653 mu=512201 cuts=2973949 numeric=4273605 best=12 |E|=9 W=[[1, 0, 2, -1], [2, 2, 1, -1]] rays<=7 elapsed=7145s
exit 124
