(3, 6, 7) n=76 SAT 3.7s
(3, 6, 7) n=77 SAT 3.7s
(3, 6, 7) n=78 SAT 4.1s
(3, 6, 7) n=79 SAT 4.6s
(3, 6, 7) n=80 SAT 4.7s
(3, 6, 7) n=81 SAT 5.1s
(3, 6, 7) n=82 SAT 6.8s
(3, 6, 7) n=83 SAT 7.1s
(3, 6, 7) n=84 SAT 7.9s
(3, 6, 7) n=85 SAT 8.8s
(3, 6, 7) n=86 SAT 9.7s
(3, 6, 7) n=87 SAT 10.3s
(3, 6, 7) n=88 SAT 10.6s
(3, 6, 7) n=89 SAT 12.9s
(3, 6, 7) n=90 SAT 14.2s
(3, 6, 7) n=91 SAT 14.4s
(3, 6, 7) n=92 SAT 14.6s
(3, 6, 7) n=93 SAT 13.4s
(3, 6, 7) n=94 SAT 12.9s
(3, 6, 7) n=95 SAT 14.3s
(3, 6, 7) n=96 SAT 14.1s
(3, 6, 7) n=97 SAT 16.5s
(3, 6, 7) n=98 SAT 20.5s
(3, 6, 7) n=99 SAT 17.6s
(3, 6, 7) n=100 SAT 22.0s
(3, 6, 7) n=100 SAT 38.7s
(3, 6, 7) n=101 SAT 30.2s
(3, 6, 7) n=102 SAT 33.3s
(3, 6, 7) n=103 SAT 40.9s
(3, 6, 7) n=103 SAT 40.7s
(3, 6, 7) n=104 SAT 33.0s
(3, 6, 7) n=105 SAT 36.5s
(3, 6, 7) n=106 SAT 37.7s
(3, 6, 7) n=107 UNSAT 41.5s
(3, 6, 7) S = 107 (uncertified: Cadical verdicts)
(3, 6, 7) UNSAT n=107 glucose+drup 57.9s rup=VERIFIED
WITNESS OK n=106 ts=[3, 6, 7]: no monochromatic solution in any class
(3, 6, 7) S = 107 CERTIFIED (drup VERIFIED at 107, witness OK at 106)
(3, 3, 8) n=39 SAT 0.1s
(3, 3, 8) n=40 SAT 0.1s
(3, 3, 8) n=41 SAT 0.1s
(3, 3, 8) n=42 SAT 0.1s
(3, 3, 8) n=43 SAT 0.1s
(3, 3, 8) n=44 SAT 0.1s
(3, 3, 8) n=45 SAT 0.2s
(3, 3, 8) n=46 SAT 0.2s
(3, 3, 8) n=47 SAT 0.2s
(3, 3, 8) n=48 SAT 0.2s
(3, 3, 8) n=49 SAT 0.3s
(3, 3, 8) n=50 SAT 0.3s
(3, 3, 8) n=51 SAT 0.4s
(3, 3, 8) n=52 SAT 0.4s
(3, 3, 8) n=53 SAT 0.5s
(3, 3, 8) n=54 SAT 0.5s
(3, 3, 8) n=55 SAT 0.7s
(3, 3, 8) n=56 SAT 0.9s
(3, 3, 8) n=57 SAT 1.0s
(3, 3, 8) n=58 SAT 1.2s
(3, 3, 8) n=59 UNSAT 1.4s
(3, 3, 8) S = 59 (uncertified: Cadical verdicts)
(3, 3, 8) UNSAT n=59 glucose+drup 2.2s rup=VERIFIED
WITNESS OK n=58 ts=[3, 3, 8]: no monochromatic solution in any class
(3, 3, 8) S = 59 CERTIFIED (drup VERIFIED at 59, witness OK at 58)
(3, 4, 8) n=55 SAT 0.7s
(3, 4, 8) n=56 SAT 0.9s
(3, 4, 8) n=57 SAT 1.0s
(3, 4, 8) n=58 SAT 1.1s
(3, 4, 8) n=59 SAT 1.3s
(3, 4, 8) n=60 SAT 1.5s
(3, 4, 8) n=61 SAT 1.3s
(3, 4, 8) n=62 SAT 1.6s
(3, 4, 8) n=63 SAT 1.7s
(3, 4, 8) n=64 SAT 2.0s
(3, 4, 8) n=65 SAT 2.4s
(3, 4, 8) n=66 SAT 2.5s
(3, 4, 8) n=67 UNSAT 4.1s
(3, 4, 8) S = 67 (uncertified: Cadical verdicts)
(3, 4, 8) UNSAT n=67 glucose+drup 4.6s rup=VERIFIED
WITNESS OK n=66 ts=[3, 4, 8]: no monochromatic solution in any class
(3, 4, 8) S = 67 CERTIFIED (drup VERIFIED at 67, witness OK at 66)
(3, 3, 9) n=44 SAT 0.1s
(3, 3, 9) n=45 SAT 0.2s
(3, 3, 9) n=46 SAT 0.2s
(3, 3, 9) n=47 SAT 0.2s
(3, 3, 9) n=48 SAT 0.3s
(3, 3, 9) n=49 SAT 0.3s
(3, 3, 9) n=50 SAT 0.3s
(3, 3, 9) n=51 SAT 0.4s
(3, 3, 9) n=52 SAT 0.5s
(3, 3, 9) n=53 SAT 0.6s
(3, 3, 9) n=54 SAT 0.7s
(3, 3, 9) n=55 SAT 0.8s
(3, 3, 9) n=56 SAT 0.8s
(3, 3, 9) n=57 SAT 1.0s
(3, 3, 9) n=58 SAT 1.1s
(3, 3, 9) n=59 SAT 1.4s
(3, 3, 9) n=60 SAT 1.6s
(3, 3, 9) n=61 SAT 1.8s
(3, 3, 9) n=62 SAT 2.1s
(3, 3, 9) n=63 SAT 2.6s
(3, 3, 9) n=64 SAT 2.7s
(3, 3, 9) n=65 SAT 4.0s
(3, 3, 9) n=66 SAT 4.8s
(3, 3, 9) n=67 SAT 5.6s
(3, 3, 9) n=68 UNSAT 7.0s
(3, 3, 9) S = 68 (uncertified: Cadical verdicts)
(3, 3, 9) UNSAT n=68 glucose+drup 8.4s rup=VERIFIED
WITNESS OK n=67 ts=[3, 3, 9]: no monochromatic solution in any class
(3, 3, 9) S = 68 CERTIFIED (drup VERIFIED at 68, witness OK at 67)
(3, 5, 8) n=71 SAT 5.5s
(3, 3, 9) n=44 SAT 0.3s
(3, 3, 9) n=45 SAT 0.4s
(3, 3, 9) n=46 SAT 0.3s
(3, 3, 9) n=47 SAT 0.3s
(3, 3, 9) n=48 SAT 0.3s
(3, 3, 9) n=49 SAT 0.4s
(3, 3, 9) n=50 SAT 0.4s
(3, 3, 9) n=51 SAT 0.4s
(3, 3, 9) n=52 SAT 0.5s
(3, 3, 9) n=53 SAT 0.6s
(3, 3, 9) n=54 SAT 0.7s
(3, 3, 9) n=55 SAT 0.8s
(3, 3, 9) n=56 SAT 0.9s
(3, 3, 9) n=57 SAT 1.2s
(3, 3, 9) n=58 SAT 1.3s
(3, 3, 9) n=59 SAT 1.6s
(3, 3, 9) n=60 SAT 1.8s
(3, 3, 9) n=61 SAT 2.1s
(3, 3, 9) n=62 SAT 2.6s
(3, 3, 9) n=63 SAT 2.9s
(3, 3, 9) n=64 SAT 2.6s
(3, 3, 9) n=65 SAT 3.3s
(3, 3, 9) n=66 SAT 3.9s
(3, 3, 9) n=67 SAT 5.0s
(3, 3, 9) n=68 UNSAT 4.9s
(3, 3, 9) S = 68 (uncertified: Cadical verdicts)
(3, 3, 9) UNSAT n=68 glucose+drup 6.6s rup=VERIFIED
WITNESS OK n=67 ts=[3, 3, 9]: no monochromatic solution in any class
(3, 3, 9) S = 68 CERTIFIED (drup VERIFIED at 68, witness OK at 67)
(3, 5, 8) n=71 SAT 4.4s
(3, 5, 8) n=72 SAT 4.1s
(3, 5, 8) n=73 SAT 4.5s
(3, 5, 8) n=74 SAT 5.1s
(3, 5, 8) n=75 SAT 9.5s
(3, 5, 8) n=76 SAT 6.8s
(3, 5, 8) n=77 SAT 8.1s
(3, 5, 8) n=78 SAT 9.7s
(3, 5, 8) n=79 SAT 10.3s
(3, 5, 8) n=80 SAT 11.7s
(3, 5, 8) n=81 SAT 13.2s
(3, 5, 8) n=82 SAT 14.5s
(3, 5, 8) n=83 SAT 15.9s
(3, 5, 8) n=84 SAT 17.2s
(3, 5, 8) n=85 SAT 15.8s
(3, 5, 8) n=86 SAT 16.4s
(3, 5, 8) n=87 SAT 20.8s
(3, 5, 8) n=88 SAT 20.2s
(3, 5, 8) n=89 SAT 22.3s
(3, 5, 8) n=90 SAT 27.1s
(3, 5, 8) n=91 UNSAT 33.5s
(3, 5, 8) S = 91 (uncertified: Cadical verdicts)
(3, 5, 8) UNSAT n=91 glucose+drup 42.6s rup=VERIFIED
WITNESS OK n=90 ts=[3, 5, 8]: no monochromatic solution in any class
(3, 5, 8) S = 91 CERTIFIED (drup VERIFIED at 91, witness OK at 90)
(3, 4, 9) n=62 SAT 2.2s
(3, 4, 9) n=63 SAT 2.6s
(3, 4, 9) n=64 SAT 3.1s
(3, 4, 9) n=65 SAT 4.4s
(3, 4, 9) n=66 SAT 4.2s
(3, 4, 9) n=67 SAT 4.8s
(3, 4, 9) n=68 SAT 6.5s
(3, 4, 9) n=69 SAT 7.1s
(3, 4, 9) n=70 SAT 7.7s
(3, 4, 9) n=71 SAT 7.9s
(3, 4, 9) n=72 SAT 17.1s
(3, 4, 9) n=73 SAT 8.8s
(3, 4, 9) n=74 SAT 9.3s
(3, 4, 9) n=75 SAT 10.2s
(3, 4, 9) n=76 SAT 11.2s
(3, 4, 9) n=77 SAT 13.1s
(3, 4, 9) n=78 UNSAT 13.3s
(3, 4, 9) S = 78 (uncertified: Cadical verdicts)
(3, 4, 9) UNSAT n=78 glucose+drup 20.6s rup=VERIFIED
WITNESS OK n=77 ts=[3, 4, 9]: no monochromatic solution in any class
(3, 4, 9) S = 78 CERTIFIED (drup VERIFIED at 78, witness OK at 77)
(3, 7, 7) n=90 SAT 16.9s
(3, 3, 10) n=49 SAT 0.3s
(3, 3, 10) n=50 SAT 0.3s
(3, 3, 10) n=51 SAT 0.4s
(3, 3, 10) n=52 SAT 0.5s
(3, 3, 10) n=53 SAT 0.5s
(3, 3, 10) n=54 SAT 0.7s
(3, 3, 10) n=55 SAT 0.8s
(3, 3, 10) n=56 SAT 0.9s
(3, 3, 10) n=57 SAT 1.1s
(3, 3, 10) n=58 SAT 1.2s
(3, 3, 10) n=59 SAT 1.4s
(3, 3, 10) n=60 SAT 1.6s
(3, 3, 10) n=61 SAT 1.9s
(3, 3, 10) n=62 SAT 2.2s
(3, 3, 10) n=63 SAT 2.5s
(3, 3, 10) n=64 SAT 3.0s
(3, 3, 10) n=65 SAT 3.4s
(3, 3, 10) n=66 SAT 3.9s
(3, 3, 10) n=67 SAT 4.4s
(3, 3, 10) n=68 SAT 5.2s
(3, 3, 10) n=69 SAT 6.1s
(3, 3, 10) n=70 SAT 6.9s
(3, 3, 10) n=71 SAT 7.6s
(3, 3, 10) n=72 SAT 8.4s
(3, 3, 10) n=73 SAT 10.2s
(3, 3, 10) n=74 SAT 11.9s
(3, 3, 10) n=75 SAT 12.5s
(3, 3, 10) n=76 SAT 14.1s
(3, 3, 10) n=77 UNSAT 17.5s
(3, 3, 10) S = 77 (uncertified: Cadical verdicts)
(3, 3, 10) UNSAT n=77 glucose+drup 29.1s rup=VERIFIED
WITNESS OK n=76 ts=[3, 3, 10]: no monochromatic solution in any class
(3, 3, 10) S = 77 CERTIFIED (drup VERIFIED at 77, witness OK at 76)
(3, 3, 11) n=54 SAT 0.6s
(3, 3, 11) n=55 SAT 0.7s
(3, 3, 11) n=56 SAT 0.8s
(3, 3, 11) n=57 SAT 1.0s
(3, 3, 11) n=58 SAT 1.1s
(3, 3, 11) n=59 SAT 1.4s
(3, 3, 11) n=60 SAT 1.6s
(3, 3, 11) n=61 SAT 1.8s
(3, 3, 11) n=62 SAT 2.2s
(3, 3, 11) n=63 SAT 2.5s
(3, 3, 11) n=64 SAT 3.0s
(3, 3, 11) n=65 SAT 3.3s
(3, 3, 11) n=66 SAT 3.9s
(3, 3, 11) n=67 SAT 4.6s
(3, 3, 11) n=68 SAT 5.1s
(3, 3, 11) n=69 SAT 6.2s
(3, 3, 11) n=70 SAT 6.8s
(3, 3, 11) n=71 SAT 7.8s
(3, 3, 11) n=72 SAT 8.7s
(3, 3, 11) n=73 SAT 10.4s
(3, 3, 11) n=74 SAT 16.0s
(3, 3, 11) n=75 SAT 15.0s
(3, 3, 11) n=76 SAT 17.4s
(3, 3, 11) n=77 SAT 19.4s
(3, 3, 11) n=78 SAT 19.5s
(3, 3, 11) n=79 SAT 22.6s
(3, 3, 11) n=80 SAT 28.3s
(3, 3, 11) n=81 SAT 32.9s
(3, 3, 11) n=82 SAT 40.1s
(3, 3, 11) n=83 SAT 40.1s
(3, 3, 11) n=84 SAT 45.7s
(3, 3, 11) n=85 SAT 52.1s
(3, 3, 11) n=86 UNSAT 59.5s
(3, 3, 11) S = 86 (uncertified: Cadical verdicts)
(3, 3, 11) UNSAT n=86 glucose+drup 81.4s rup=VERIFIED
WITNESS OK n=85 ts=[3, 3, 11]: no monochromatic solution in any class
(3, 3, 11) S = 86 CERTIFIED (drup VERIFIED at 86, witness OK at 85)
(3, 3, 12) n=59 SAT 1.3s
(3, 3, 12) n=60 SAT 1.6s
(3, 3, 12) n=61 SAT 1.7s
(3, 3, 12) n=62 SAT 2.2s
(3, 3, 12) n=63 SAT 2.7s
(3, 3, 12) n=64 SAT 4.1s
(3, 3, 12) n=65 SAT 4.1s
(3, 3, 12) n=66 SAT 4.7s
