  at x=2.00e+07 missing: k28:249163649 k29:517239941 k30:1053927679
  at x=2.20e+08 missing: k28:118275853 k29:356372734 k30:874816611
  at x=4.20e+08 missing: k28:56146611 k29:245537793 k30:726144145
  at x=6.20e+08 missing: k28:26653495 k29:169167299 k30:602727094
  at x=8.20e+08 missing: k28:12652136 k29:116563630 k30:500302957
  at x=1.02e+09 missing: k28:6007009 k29:80309826 k30:415276292
  at x=1.22e+09 missing: k28:2851809 k29:55333797 k30:344708980
  at x=1.42e+09 missing: k28:1353768 k29:38127576 k30:286135677
  at x=1.62e+09 missing: k28:642572 k29:26274143 k30:237515361
  at x=1.82e+09 missing: k28:304780 k29:18102339 k30:197151498
  at x=2.02e+09 missing: k28:144722 k29:12473063 k30:163651853
  at x=2.22e+09 missing: k28:68996 k29:8594463 k30:135837492
  at x=2.42e+09 missing: k28:32971 k29:5922046 k30:112758307
  at x=2.62e+09 missing: k28:15662 k29:4080584 k30:93591272
  at x=2.82e+09 missing: k28:7483 k29:2809411 k30:77677467
  at x=3.02e+09 missing: k28:3579 k29:1936359 k30:64474875
  at x=3.22e+09 missing: k28:1748 k29:1333870 k30:53514543
  at x=3.42e+09 missing: k28:844 k29:919381 k30:44422180
  at x=3.62e+09 missing: k28:390 k29:634206 k30:36872790
  at x=3.82e+09 missing: k28:182 k29:436408 k30:30606404
  at x=4.02e+09 missing: k28:80 k29:301013 k30:25408745
  at x=4.22e+09 missing: k28:41 k29:207210 k30:21090586
  at x=4.42e+09 missing: k28:19 k29:142476 k30:17504038
  at x=4.62e+09 missing: k28:12 k29:98378 k30:14531956
  at x=4.82e+09 missing: k28:5 k29:67512 k30:12059187
  at x=5.02e+09 missing: k28:3 k29:46406 k30:10009285
  at x=5.22e+09 missing: k28:2 k29:31963 k30:8305700
  at x=5.42e+09 missing: k28:2 k29:22062 k30:6893812
k=28: N_k = 5542425842  last pattern code = 18557987  (4242s)
  at x=5.62e+09 missing: k29:15256 k30:5723613
  at x=5.82e+09 missing: k29:10578 k30:4752224
  at x=6.02e+09 missing: k29:7254 k30:3943952
  at x=6.22e+09 missing: k29:4949 k30:3274292
  at x=6.42e+09 missing: k29:3435 k30:2717878
  at x=6.62e+09 missing: k29:2380 k30:2256542
  at x=6.82e+09 missing: k29:1640 k30:1872324
  at x=7.02e+09 missing: k29:1136 k30:1554503
  at x=7.22e+09 missing: k29:769 k30:1289593
  at x=7.42e+09 missing: k29:530 k30:1070955
  at x=7.62e+09 missing: k29:363 k30:889720
  at x=7.82e+09 missing: k29:250 k30:738535
  at x=8.02e+09 missing: k29:179 k30:612927
  at x=8.22e+09 missing: k29:135 k30:508764
  at x=8.42e+09 missing: k29:85 k30:422616
  at x=8.62e+09 missing: k29:61 k30:351232
  at x=8.82e+09 missing: k29:41 k30:291727
  at x=9.02e+09 missing: k29:30 k30:242248
  at x=9.22e+09 missing: k29:16 k30:201103
  at x=9.42e+09 missing: k29:9 k30:166787
  at x=9.62e+09 missing: k29:6 k30:138504
  at x=9.82e+09 missing: k29:5 k30:114818
  at x=1.00e+10 missing: k29:3 k30:95448
  at x=1.02e+10 missing: k29:3 k30:79076
  at x=1.04e+10 missing: k29:3 k30:65623
  at x=1.06e+10 missing: k29:2 k30:54531
  at x=1.08e+10 missing: k29:1 k30:45268
  at x=1.10e+10 missing: k29:1 k30:37501
  at x=1.12e+10 missing: k29:1 k30:31034
  at x=1.14e+10 missing: k29:1 k30:25752
  at x=1.16e+10 missing: k29:1 k30:21379
k=29: N_k = 11647289153  last pattern code = 261683248  (4948s)
  at x=1.18e+10 missing: k30:17738
  at x=1.20e+10 missing: k30:14666
  at x=1.22e+10 missing: k30:12173
  at x=1.24e+10 missing: k30:10169
  at x=1.26e+10 missing: k30:8423
  at x=1.28e+10 missing: k30:6995
  at x=1.30e+10 missing: k30:5813
  at x=1.32e+10 missing: k30:4808
  at x=1.34e+10 missing: k30:4012
  at x=1.36e+10 missing: k30:3318
  at x=1.38e+10 missing: k30:2722
  at x=1.40e+10 missing: k30:2257
  at x=1.42e+10 missing: k30:1857
  at x=1.44e+10 missing: k30:1571
  at x=1.46e+10 missing: k30:1307
  at x=1.48e+10 missing: k30:1094
  at x=1.50e+10 missing: k30:928
  at x=1.52e+10 missing: k30:754
  at x=1.54e+10 missing: k30:627
  at x=1.56e+10 missing: k30:522
  at x=1.58e+10 missing: k30:437
  at x=1.60e+10 missing: k30:368
  at x=1.62e+10 missing: k30:296
  at x=1.64e+10 missing: k30:247
  at x=1.66e+10 missing: k30:213
  at x=1.68e+10 missing: k30:172
  at x=1.70e+10 missing: k30:147
  at x=1.72e+10 missing: k30:122
  at x=1.74e+10 missing: k30:112
  at x=1.76e+10 missing: k30:89
  at x=1.78e+10 missing: k30:76
  at x=1.80e+10 missing: k30:58
  at x=1.82e+10 missing: k30:47
  at x=1.84e+10 missing: k30:36
  at x=1.86e+10 missing: k30:29
  at x=1.88e+10 missing: k30:25
  at x=1.90e+10 missing: k30:19
  at x=1.92e+10 missing: k30:17
  at x=1.94e+10 missing: k30:11
  at x=1.96e+10 missing: k30:10
  at x=1.98e+10 missing: k30:8
  at x=2.00e+10 missing: k30:7
  at x=2.02e+10 missing: k30:6
  at x=2.04e+10 missing: k30:4
  at x=2.06e+10 missing: k30:3
  at x=2.08e+10 missing: k30:3
  at x=2.10e+10 missing: k30:2
  at x=2.12e+10 missing: k30:2
  at x=2.14e+10 missing: k30:2
  at x=2.16e+10 missing: k30:2
  at x=2.18e+10 missing: k30:2
  at x=2.20e+10 missing: k30:2
  at x=2.22e+10 missing: k30:1
k=30: N_k = 22249147014  last pattern code = 1068405371  (5891s)
done 5891.4 s
