n=4 alpha=7/5 m=1 SAT
n=4 alpha=7/5 m=2 SAT
n=4 alpha=7/5 m=3 SAT
n=4 alpha=7/5 m=4 SAT
n=4 alpha=7/5 m=5 UNSAT
n=4 alpha=7/5 m=6 UNSAT
n=4 alpha=7/5 m=7 UNSAT
n=4 alpha=7/5 m=8 SAT
n=4 alpha=7/5 m=9 SAT
n=4 alpha=7/5 m=10 SAT
n=4 alpha=7/5 m=11 UNSAT
n=4 alpha=7/5 m=12 UNSAT
n=4 alpha=7/5 m=13 UNSAT
n=4 alpha=7/5 m=14 UNSAT
n=4 alpha=7/5 m=15 UNSAT
n=4 alpha=7/5 m=16 UNSAT
n=4 alpha=7/5 m=17 UNSAT
n=4 alpha=7/5 m=18 UNSAT
n=4 alpha=7/5 m=19 UNSAT
n=4 alpha=7/5 m=20 UNSAT
n=4 alpha=7/5 m=21 SAT
n=4 alpha=7/5 m=22 UNSAT
n=4 alpha=7/5 m=23 UNSAT
n=4 alpha=7/5 m=24 UNSAT
n=4 alpha=7/5 m=25 UNSAT
n=4 alpha=7/5 m=26 UNSAT
n=4 alpha=7/5 m=27 UNSAT
n=4 alpha=7/5 m=28 UNSAT
n=4 alpha=7/5 m=29 UNSAT
n=4 alpha=7/5 m=30 SAT
n=4 alpha=7/5 m=31 UNSAT
n=4 alpha=7/5 m=32 SAT
n=4 alpha=7/5 m=33 SAT
n=4 alpha=7/5 m=34 SAT
n=4 alpha=7/5 m=35 UNSAT
n=4 alpha=7/5 m=36 SAT
n=4 alpha=7/5 m=37 UNSAT
n=4 alpha=7/5 m=38 UNSAT
n=4 alpha=7/5 m=39 UNSAT
n=4 alpha=7/5 m=40 UNSAT
n=4 alpha=7/5 m=41 UNSAT
n=4 alpha=7/5 m=42 UNSAT
n=4 alpha=7/5 m=43 UNSAT
n=4 alpha=7/5 m=44 UNSAT
n=4 alpha=7/5 m=45 UNSAT
n=4 alpha=7/5 m=46 UNSAT
n=4 alpha=7/5 m=47 UNSAT
n=4 alpha=7/5 m=48 UNSAT
n=4 alpha=7/5 m=49 UNSAT
n=4 alpha=7/5 m=50 UNSAT
n=4 alpha=7/5 m=51 UNSAT
n=4 alpha=7/5 m=52 UNSAT
n=4 alpha=7/5 m=53 UNSAT
n=4 alpha=7/5 m=54 UNSAT
n=4 alpha=7/5 m=55 UNSAT
n=4 alpha=7/5 m=56 UNSAT
n=4 alpha=7/5 m=57 UNSAT
n=4 alpha=7/5 m=58 UNSAT
n=4 alpha=7/5 m=59 UNSAT
n=4 alpha=7/5 m=60 UNSAT
n=4 alpha=7/5 m=61 UNSAT
n=4 alpha=7/5 m=62 UNSAT
n=4 alpha=7/5 m=63 UNSAT
n=4 alpha=7/5 m=64 UNSAT
n=4 alpha=7/5 m=65 UNSAT
n=4 alpha=7/5 m=66 UNSAT
n=4 alpha=7/5 m=67 UNSAT
n=4 alpha=7/5 m=68 UNSAT
n=4 alpha=7/5 m=69 UNSAT
n=4 alpha=7/5 m=70 SAT
n=4 alpha=7/5 m=71 UNSAT
n=4 alpha=7/5 m=72 UNSAT
n=4 alpha=7/5 m=73 SAT
n=4 alpha=7/5 m=74 UNSAT
n=4 alpha=7/5 m=75 UNSAT
n=4 alpha=7/5 m=76 UNSAT
n=4 alpha=7/5 m=77 UNSAT
n=4 alpha=7/5 m=78 SAT
n=4 alpha=7/5 m=79 SAT
n=4 alpha=7/5 m=80 SAT
n=4 alpha=7/5 m=81 SAT
n=4 alpha=7/5 m=82 UNSAT
n=4 alpha=7/5 m=83 UNSAT
n=4 alpha=7/5 m=84 UNSAT
n=4 alpha=7/5 m=85 UNSAT
n=4 alpha=7/5 m=86 UNSAT
n=4 alpha=7/5 m=87 UNSAT
n=4 alpha=7/5 m=88 SAT
n=4 alpha=7/5 m=89 SAT
n=4 alpha=7/5 m=90 SAT
n=4 alpha=7/5 m=91 UNSAT
n=4 alpha=7/5 m=92 UNSAT
n=4 alpha=7/5 m=93 UNSAT
n=4 alpha=7/5 m=94 UNSAT
n=4 alpha=7/5 m=95 UNSAT
n=4 alpha=7/5 m=96 UNSAT
n=4 alpha=7/5 m=97 UNSAT
n=4 alpha=7/5 m=98 UNSAT
n=4 alpha=7/5 m=99 UNSAT
n=4 alpha=7/5 m=100 UNSAT
n=4 alpha=7/5 m=101 UNSAT
n=4 alpha=7/5 m=102 UNSAT
n=4 alpha=7/5 m=103 UNSAT
n=4 alpha=7/5 m=104 SAT
n=4 alpha=7/5 m=105 UNSAT
n=4 alpha=7/5 m=106 UNSAT
n=4 alpha=7/5 m=107 SAT
n=4 alpha=7/5 m=108 SAT
n=4 alpha=7/5 m=109 SAT
n=4 alpha=7/5 m=110 SAT
n=4 alpha=7/5 m=111 UNSAT
n=4 alpha=7/5 m=112 SAT
n=4 alpha=7/5 m=113 UNSAT
n=4 alpha=7/5 m=114 SAT
n=4 alpha=7/5 m=115 SAT
n=4 alpha=7/5 m=116 SAT
n=4 alpha=7/5 m=117 SAT
n=4 alpha=7/5 m=118 SAT
n=4 alpha=7/5 m=119 SAT
n=4 alpha=7/5 m=120 SAT
n=4 alpha=7/5 m=121 SAT
n=4 alpha=7/5 m=122 SAT
n=4 alpha=7/5 m=123 SAT
n=4 alpha=7/5 m=124 SAT
n=4 alpha=7/5 m=125 SAT
n=4 alpha=7/5 m=126 SAT
n=4 alpha=7/5 m=127 SAT
n=4 alpha=7/5 m=128 SAT
n=4 alpha=7/5 m=129 SAT
n=4 alpha=7/5 m=130 SAT
n=4 alpha=7/5 m=131 SAT
n=4 alpha=7/5 m=132 SAT
n=4 alpha=7/5 m=133 SAT
n=4 alpha=7/5 m=134 SAT
n=4 alpha=7/5 m=135 SAT
n=4 alpha=7/5 m=136 SAT
n=4 alpha=7/5 m=137 SAT
n=4 alpha=7/5 m=138 SAT
n=4 alpha=7/5 m=139 SAT
n=4 alpha=7/5 m=140 SAT
n=4 alpha=7/5 m=141 SAT
n=4 alpha=7/5 m=142 SAT
n=4 alpha=7/5 m=143 SAT
n=4 alpha=7/5 m=144 SAT
n=4 alpha=7/5 m=145 SAT
n=4 alpha=7/5 m=146 SAT
n=4 alpha=7/5 m=147 UNSAT
n=4 alpha=7/5 m=148 SAT
n=4 alpha=7/5 m=149 SAT
n=4 alpha=7/5 m=150 SAT
n=4 alpha=7/5 m=151 SAT
n=4 alpha=7/5 m=152 SAT
n=4 alpha=7/5 m=153 SAT
n=4 alpha=7/5 m=154 UNSAT
n=4 alpha=7/5 m=155 SAT
n=4 alpha=7/5 m=156 SAT
n=4 alpha=7/5 m=157 SAT
n=4 alpha=7/5 m=158 SAT
n=4 alpha=7/5 m=159 SAT
n=4 alpha=7/5 m=160 SAT
n=4 alpha=7/5 m=161 SAT
n=4 alpha=7/5 m=162 SAT
n=4 alpha=7/5 m=163 SAT
n=4 alpha=7/5 m=164 SAT
# n=4 alpha=7/5 range [1,164]
# realizable  : 77
# exceptional : [5, 6, 7, 11, 12, 13, 14, 15, 16, 17, 18, 19, 20, 22, 23, 24, 25, 26, 27, 28, 29, 31, 35, 37, 38, 39, 40, 41, 42, 43, 44, 45, 46, 47, 48, 49, 50, 51, 52, 53, 54, 55, 56, 57, 58, 59, 60, 61, 62, 63, 64, 65, 66, 67, 68, 69, 71, 72, 74, 75, 76, 77, 82, 83, 84, 85, 86, 87, 91, 92, 93, 94, 95, 96, 97, 98, 99, 100, 101, 102, 103, 105, 106, 111, 113, 147, 154]
