n=5 alpha=5/4 m=1 SAT
n=5 alpha=5/4 m=2 SAT
n=5 alpha=5/4 m=3 SAT
n=5 alpha=5/4 m=4 SAT
n=5 alpha=5/4 m=5 SAT
n=5 alpha=5/4 m=6 UNSAT
n=5 alpha=5/4 m=7 UNSAT
n=5 alpha=5/4 m=8 UNSAT
n=5 alpha=5/4 m=9 UNSAT
n=5 alpha=5/4 m=10 SAT
n=5 alpha=5/4 m=11 UNSAT
n=5 alpha=5/4 m=12 SAT
n=5 alpha=5/4 m=13 UNSAT
n=5 alpha=5/4 m=14 UNSAT
n=5 alpha=5/4 m=15 UNSAT
n=5 alpha=5/4 m=16 UNSAT
n=5 alpha=5/4 m=17 UNSAT
n=5 alpha=5/4 m=18 SAT
n=5 alpha=5/4 m=19 UNSAT
n=5 alpha=5/4 m=20 UNSAT
n=5 alpha=5/4 m=21 UNSAT
n=5 alpha=5/4 m=22 UNSAT
n=5 alpha=5/4 m=23 UNSAT
n=5 alpha=5/4 m=24 UNSAT
n=5 alpha=5/4 m=25 UNSAT
n=5 alpha=5/4 m=26 UNSAT
n=5 alpha=5/4 m=27 UNSAT
n=5 alpha=5/4 m=28 SAT
n=5 alpha=5/4 m=29 UNSAT
n=5 alpha=5/4 m=30 SAT
n=5 alpha=5/4 m=31 UNSAT
n=5 alpha=5/4 m=32 SAT
n=5 alpha=5/4 m=33 UNSAT
n=5 alpha=5/4 m=34 UNSAT
n=5 alpha=5/4 m=35 UNSAT
n=5 alpha=5/4 m=36 UNSAT
n=5 alpha=5/4 m=37 UNSAT
n=5 alpha=5/4 m=38 UNSAT
n=5 alpha=5/4 m=39 UNSAT
n=5 alpha=5/4 m=40 SAT
n=5 alpha=5/4 m=41 UNSAT
n=5 alpha=5/4 m=42 UNSAT
n=5 alpha=5/4 m=43 UNSAT
n=5 alpha=5/4 m=44 SAT
n=5 alpha=5/4 m=45 SAT
n=5 alpha=5/4 m=46 SAT
n=5 alpha=5/4 m=47 UNSAT
n=5 alpha=5/4 m=48 SAT
n=5 alpha=5/4 m=49 UNSAT
n=5 alpha=5/4 m=50 SAT
n=5 alpha=5/4 m=51 UNSAT
n=5 alpha=5/4 m=52 SAT
n=5 alpha=5/4 m=53 UNSAT
n=5 alpha=5/4 m=54 UNSAT
n=5 alpha=5/4 m=55 UNSAT
n=5 alpha=5/4 m=56 SAT
n=5 alpha=5/4 m=57 UNSAT
n=5 alpha=5/4 m=58 UNSAT
n=5 alpha=5/4 m=59 UNSAT
n=5 alpha=5/4 m=60 SAT
n=5 alpha=5/4 m=61 SAT
n=5 alpha=5/4 m=62 SAT
n=5 alpha=5/4 m=63 UNSAT
n=5 alpha=5/4 m=64 SAT
n=5 alpha=5/4 m=65 SAT
n=5 alpha=5/4 m=66 SAT
n=5 alpha=5/4 m=67 SAT
n=5 alpha=5/4 m=68 SAT
n=5 alpha=5/4 m=69 SAT
n=5 alpha=5/4 m=70 SAT
n=5 alpha=5/4 m=71 SAT
n=5 alpha=5/4 m=72 SAT
n=5 alpha=5/4 m=73 SAT
n=5 alpha=5/4 m=74 SAT
n=5 alpha=5/4 m=75 SAT
n=5 alpha=5/4 m=76 SAT
n=5 alpha=5/4 m=77 SAT
n=5 alpha=5/4 m=78 SAT
n=5 alpha=5/4 m=79 SAT
n=5 alpha=5/4 m=80 SAT
n=5 alpha=5/4 m=81 SAT
n=5 alpha=5/4 m=82 SAT
n=5 alpha=5/4 m=83 SAT
n=5 alpha=5/4 m=84 SAT
n=5 alpha=5/4 m=85 SAT
n=5 alpha=5/4 m=86 SAT
n=5 alpha=5/4 m=87 SAT
n=5 alpha=5/4 m=88 SAT
n=5 alpha=5/4 m=89 SAT
n=5 alpha=5/4 m=90 SAT
n=5 alpha=5/4 m=91 SAT
n=5 alpha=5/4 m=92 SAT
n=5 alpha=5/4 m=93 SAT
n=5 alpha=5/4 m=94 SAT
n=5 alpha=5/4 m=95 SAT
n=5 alpha=5/4 m=96 SAT
n=5 alpha=5/4 m=97 SAT
n=5 alpha=5/4 m=98 SAT
n=5 alpha=5/4 m=99 SAT
n=5 alpha=5/4 m=100 SAT
n=5 alpha=5/4 m=101 SAT
n=5 alpha=5/4 m=102 SAT
n=5 alpha=5/4 m=103 SAT
n=5 alpha=5/4 m=104 SAT
n=5 alpha=5/4 m=105 SAT
n=5 alpha=5/4 m=106 SAT
n=5 alpha=5/4 m=107 SAT
n=5 alpha=5/4 m=108 SAT
n=5 alpha=5/4 m=109 SAT
n=5 alpha=5/4 m=110 SAT
n=5 alpha=5/4 m=111 SAT
n=5 alpha=5/4 m=112 SAT
n=5 alpha=5/4 m=113 SAT
n=5 alpha=5/4 m=114 SAT
n=5 alpha=5/4 m=115 SAT
n=5 alpha=5/4 m=116 SAT
n=5 alpha=5/4 m=117 SAT
n=5 alpha=5/4 m=118 SAT
n=5 alpha=5/4 m=119 SAT
n=5 alpha=5/4 m=120 SAT
n=5 alpha=5/4 m=121 SAT
n=5 alpha=5/4 m=122 SAT
n=5 alpha=5/4 m=123 SAT
n=5 alpha=5/4 m=124 SAT
n=5 alpha=5/4 m=125 SAT
n=5 alpha=5/4 m=126 SAT
n=5 alpha=5/4 m=127 SAT
n=5 alpha=5/4 m=128 SAT
n=5 alpha=5/4 m=129 SAT
n=5 alpha=5/4 m=130 SAT
n=5 alpha=5/4 m=131 SAT
n=5 alpha=5/4 m=132 SAT
n=5 alpha=5/4 m=133 SAT
n=5 alpha=5/4 m=134 SAT
n=5 alpha=5/4 m=135 SAT
n=5 alpha=5/4 m=136 SAT
n=5 alpha=5/4 m=137 SAT
n=5 alpha=5/4 m=138 SAT
n=5 alpha=5/4 m=139 SAT
n=5 alpha=5/4 m=140 SAT
n=5 alpha=5/4 m=141 SAT
n=5 alpha=5/4 m=142 SAT
n=5 alpha=5/4 m=143 SAT
n=5 alpha=5/4 m=144 SAT
n=5 alpha=5/4 m=145 SAT
n=5 alpha=5/4 m=146 SAT
n=5 alpha=5/4 m=147 SAT
n=5 alpha=5/4 m=148 SAT
n=5 alpha=5/4 m=149 SAT
n=5 alpha=5/4 m=150 SAT
n=5 alpha=5/4 m=151 SAT
n=5 alpha=5/4 m=152 SAT
n=5 alpha=5/4 m=153 SAT
n=5 alpha=5/4 m=154 SAT
n=5 alpha=5/4 m=155 SAT
n=5 alpha=5/4 m=156 SAT
n=5 alpha=5/4 m=157 SAT
n=5 alpha=5/4 m=158 SAT
n=5 alpha=5/4 m=159 SAT
n=5 alpha=5/4 m=160 SAT
n=5 alpha=5/4 m=161 SAT
n=5 alpha=5/4 m=162 SAT
n=5 alpha=5/4 m=163 SAT
n=5 alpha=5/4 m=164 SAT
n=5 alpha=5/4 m=165 SAT
n=5 alpha=5/4 m=166 SAT
n=5 alpha=5/4 m=167 SAT
n=5 alpha=5/4 m=168 SAT
n=5 alpha=5/4 m=169 SAT
n=5 alpha=5/4 m=170 SAT
n=5 alpha=5/4 m=171 SAT
n=5 alpha=5/4 m=172 SAT
n=5 alpha=5/4 m=173 SAT
n=5 alpha=5/4 m=174 SAT
n=5 alpha=5/4 m=175 SAT
n=5 alpha=5/4 m=176 SAT
n=5 alpha=5/4 m=177 SAT
n=5 alpha=5/4 m=178 SAT
n=5 alpha=5/4 m=179 SAT
n=5 alpha=5/4 m=180 SAT
n=5 alpha=5/4 m=181 SAT
n=5 alpha=5/4 m=182 SAT
n=5 alpha=5/4 m=183 SAT
n=5 alpha=5/4 m=184 SAT
n=5 alpha=5/4 m=185 SAT
n=5 alpha=5/4 m=186 SAT
n=5 alpha=5/4 m=187 SAT
n=5 alpha=5/4 m=188 SAT
n=5 alpha=5/4 m=189 SAT
n=5 alpha=5/4 m=190 SAT
n=5 alpha=5/4 m=191 SAT
n=5 alpha=5/4 m=192 SAT
n=5 alpha=5/4 m=193 SAT
n=5 alpha=5/4 m=194 SAT
n=5 alpha=5/4 m=195 SAT
n=5 alpha=5/4 m=196 SAT
n=5 alpha=5/4 m=197 SAT
n=5 alpha=5/4 m=198 SAT
n=5 alpha=5/4 m=199 SAT
n=5 alpha=5/4 m=200 SAT
n=5 alpha=5/4 m=201 SAT
n=5 alpha=5/4 m=202 SAT
n=5 alpha=5/4 m=203 SAT
n=5 alpha=5/4 m=204 SAT
n=5 alpha=5/4 m=205 SAT
n=5 alpha=5/4 m=206 SAT
n=5 alpha=5/4 m=207 SAT
n=5 alpha=5/4 m=208 SAT
n=5 alpha=5/4 m=209 SAT
n=5 alpha=5/4 m=210 SAT
n=5 alpha=5/4 m=211 SAT
n=5 alpha=5/4 m=212 SAT
n=5 alpha=5/4 m=213 SAT
n=5 alpha=5/4 m=214 SAT
n=5 alpha=5/4 m=215 SAT
n=5 alpha=5/4 m=216 SAT
n=5 alpha=5/4 m=217 SAT
n=5 alpha=5/4 m=218 SAT
n=5 alpha=5/4 m=219 SAT
n=5 alpha=5/4 m=220 SAT
n=5 alpha=5/4 m=221 SAT
n=5 alpha=5/4 m=222 SAT
n=5 alpha=5/4 m=223 SAT
n=5 alpha=5/4 m=224 SAT
n=5 alpha=5/4 m=225 SAT
n=5 alpha=5/4 m=226 SAT
n=5 alpha=5/4 m=227 SAT
n=5 alpha=5/4 m=228 SAT
n=5 alpha=5/4 m=229 SAT
n=5 alpha=5/4 m=230 SAT
n=5 alpha=5/4 m=231 SAT
n=5 alpha=5/4 m=232 SAT
n=5 alpha=5/4 m=233 SAT
n=5 alpha=5/4 m=234 SAT
n=5 alpha=5/4 m=235 SAT
n=5 alpha=5/4 m=236 SAT
n=5 alpha=5/4 m=237 SAT
n=5 alpha=5/4 m=238 SAT
n=5 alpha=5/4 m=239 SAT
n=5 alpha=5/4 m=240 SAT
n=5 alpha=5/4 m=241 SAT
n=5 alpha=5/4 m=242 SAT
n=5 alpha=5/4 m=243 SAT
n=5 alpha=5/4 m=244 SAT
n=5 alpha=5/4 m=245 SAT
n=5 alpha=5/4 m=246 SAT
n=5 alpha=5/4 m=247 SAT
n=5 alpha=5/4 m=248 SAT
n=5 alpha=5/4 m=249 SAT
n=5 alpha=5/4 m=250 SAT
n=5 alpha=5/4 m=251 SAT
n=5 alpha=5/4 m=252 SAT
n=5 alpha=5/4 m=253 SAT
n=5 alpha=5/4 m=254 SAT
n=5 alpha=5/4 m=255 SAT
n=5 alpha=5/4 m=256 SAT
n=5 alpha=5/4 m=257 SAT
n=5 alpha=5/4 m=258 SAT
n=5 alpha=5/4 m=259 SAT
n=5 alpha=5/4 m=260 SAT
n=5 alpha=5/4 m=261 SAT
n=5 alpha=5/4 m=262 SAT
n=5 alpha=5/4 m=263 SAT
n=5 alpha=5/4 m=264 SAT
n=5 alpha=5/4 m=265 SAT
n=5 alpha=5/4 m=266 SAT
n=5 alpha=5/4 m=267 SAT
n=5 alpha=5/4 m=268 SAT
n=5 alpha=5/4 m=269 SAT
n=5 alpha=5/4 m=270 SAT
n=5 alpha=5/4 m=271 SAT
n=5 alpha=5/4 m=272 SAT
n=5 alpha=5/4 m=273 SAT
n=5 alpha=5/4 m=274 SAT
n=5 alpha=5/4 m=275 SAT
n=5 alpha=5/4 m=276 SAT
n=5 alpha=5/4 m=277 SAT
n=5 alpha=5/4 m=278 SAT
n=5 alpha=5/4 m=279 SAT
n=5 alpha=5/4 m=280 SAT
n=5 alpha=5/4 m=281 SAT
n=5 alpha=5/4 m=282 SAT
n=5 alpha=5/4 m=283 SAT
n=5 alpha=5/4 m=284 SAT
n=5 alpha=5/4 m=285 SAT
n=5 alpha=5/4 m=286 SAT
n=5 alpha=5/4 m=287 SAT
n=5 alpha=5/4 m=288 SAT
n=5 alpha=5/4 m=289 SAT
n=5 alpha=5/4 m=290 SAT
n=5 alpha=5/4 m=291 SAT
n=5 alpha=5/4 m=292 SAT
n=5 alpha=5/4 m=293 SAT
n=5 alpha=5/4 m=294 SAT
n=5 alpha=5/4 m=295 SAT
n=5 alpha=5/4 m=296 SAT
n=5 alpha=5/4 m=297 SAT
n=5 alpha=5/4 m=298 SAT
n=5 alpha=5/4 m=299 SAT
n=5 alpha=5/4 m=300 SAT
# n=5 alpha=5/4 range [1,300]
# realizable  : 259
# exceptional : [6, 7, 8, 9, 11, 13, 14, 15, 16, 17, 19, 20, 21, 22, 23, 24, 25, 26, 27, 29, 31, 33, 34, 35, 36, 37, 38, 39, 41, 42, 43, 47, 49, 51, 53, 54, 55, 57, 58, 59, 63]
