3^41+1: g=3 swept_i<=3 [complete] clean
  3^42+1 UNKNOWN at i=1: dominated-set blowup at n=109418989131512359210 i=1: min size 103680000
  3^42+1 UNKNOWN at i=3: dominated-set blowup at n=109418989131512359210 i=3: min size 103680000
3^42+1: g=123 swept_i<=123 [complete] hits=[('UNK', 109418989131512359210, 1, 0), ('UNK', 109418989131512359210, 3, 0)]
3^43+1: g=75 swept_i<=75 [complete] clean
  3^44+1 UNKNOWN at i=1: dominated-set blowup at n=984770902183611232882 i=1: min size 134217728
  3^44+1 UNKNOWN at i=3: dominated-set blowup at n=984770902183611232882 i=3: min size 105850800
3^44+1: g=35 swept_i<=35 [complete] hits=[('UNK', 984770902183611232882, 1, 0), ('UNK', 984770902183611232882, 3, 0)]
  3^45+1 UNKNOWN at i=1: dominated-set blowup at n=2954312706550833698644 i=1: min size 134217728
  3^45+1 UNKNOWN at i=3: dominated-set blowup at n=2954312706550833698644 i=3: min size 114639408
  3^45+1 UNKNOWN at i=4: dominated-set blowup at n=2954312706550833698644 i=4: min size 114639408
  3^45+1 UNKNOWN at i=5: dominated-set blowup at n=2954312706550833698644 i=5: min size 107964480
  3^45+1 UNKNOWN at i=6: dominated-set blowup at n=2954312706550833698644 i=6: min size 107964480
3^45+1: g=23 swept_i<=23 [complete] hits=[('UNK', 2954312706550833698644, 1, 0), ('UNK', 2954312706550833698644, 3, 0), ('UNK', 2954312706550833698644, 4, 0), ('UNK', 2954312706550833698644, 5, 0), ('UNK', 2954312706550833698644, 6, 0)]
  3^46+1 UNKNOWN at i=1: dominated-set blowup at n=8862938119652501095930 i=1: min size 125534931
3^46+1: g=23 swept_i<=23 [complete] hits=[('UNK', 8862938119652501095930, 1, 0)]
  3^47+1 UNKNOWN at i=1: dominated-set blowup at n=26588814358957503287788 i=1: min size 134217728
  3^47+1 UNKNOWN at i=3: dominated-set blowup at n=26588814358957503287788 i=3: min size 180072918
  3^47+1 UNKNOWN at i=4: dominated-set blowup at n=26588814358957503287788 i=4: min size 180072918
3^47+1: g=47 swept_i<=47 [complete] hits=[('UNK', 26588814358957503287788, 1, 0), ('UNK', 26588814358957503287788, 3, 0), ('UNK', 26588814358957503287788, 4, 0)]
  3^48+1 UNKNOWN at i=1: dominated-set blowup at n=79766443076872509863362 i=1: min size 133185512
  3^48+1 UNKNOWN at i=3: dominated-set blowup at n=79766443076872509863362 i=3: min size 133185512
3^48+1: g=45 swept_i<=45 [complete] hits=[('UNK', 79766443076872509863362, 1, 0), ('UNK', 79766443076872509863362, 3, 0)]
